Archive member included to satisfy reference by file (symbol)

C:\Users\vovan\Documents\MCUXpressoIDE_11.0.0_2516\SpiniKiti\FreeRTOS\Debug\libfreertos.a(queue.o)
                              ./src/cdc_main.o (xQueueGenericCreate)
C:\Users\vovan\Documents\MCUXpressoIDE_11.0.0_2516\SpiniKiti\FreeRTOS\Debug\libfreertos.a(tasks.o)
                              ./src/usb_cdc.o (xTaskCreate)
C:\Users\vovan\Documents\MCUXpressoIDE_11.0.0_2516\SpiniKiti\FreeRTOS\Debug\libfreertos.a(heap_3.o)
                              C:\Users\vovan\Documents\MCUXpressoIDE_11.0.0_2516\SpiniKiti\FreeRTOS\Debug\libfreertos.a(queue.o) (pvPortMalloc)
C:\Users\vovan\Documents\MCUXpressoIDE_11.0.0_2516\SpiniKiti\FreeRTOS\Debug\libfreertos.a(port.o)
                              C:\Users\vovan\Documents\MCUXpressoIDE_11.0.0_2516\SpiniKiti\FreeRTOS\Debug\libfreertos.a(tasks.o) (pxPortInitialiseStack)
C:\Users\vovan\Documents\MCUXpressoIDE_11.0.0_2516\SpiniKiti\FreeRTOS\Debug\libfreertos.a(FreeRTOSCommonHooks.o)
                              C:\Users\vovan\Documents\MCUXpressoIDE_11.0.0_2516\SpiniKiti\FreeRTOS\Debug\libfreertos.a(heap_3.o) (vApplicationMallocFailedHook)
C:\Users\vovan\Documents\MCUXpressoIDE_11.0.0_2516\SpiniKiti\FreeRTOS\Debug\libfreertos.a(list.o)
                              C:\Users\vovan\Documents\MCUXpressoIDE_11.0.0_2516\SpiniKiti\FreeRTOS\Debug\libfreertos.a(queue.o) (vListInitialise)
C:\Users\vovan\Documents\MCUXpressoIDE_11.0.0_2516\SpiniKiti\lpc_board_nxp_lpcxpresso_1549\Debug\liblpc_board_nxp_lpcxpresso_1549.a(board.o)
                              ./src/usb_cdc.o (Board_LED_Set)
C:\Users\vovan\Documents\MCUXpressoIDE_11.0.0_2516\SpiniKiti\lpc_board_nxp_lpcxpresso_1549\Debug\liblpc_board_nxp_lpcxpresso_1549.a(board_sysinit.o)
                              ./src/sysinit.o (Board_SystemInit)
C:\Users\vovan\Documents\MCUXpressoIDE_11.0.0_2516\SpiniKiti\lpc_chip_15xx\Debug\liblpc_chip_15xx.a(adc_15xx.o)
                              ./src/usb_cdc.o (Chip_ADC_Init)
C:\Users\vovan\Documents\MCUXpressoIDE_11.0.0_2516\SpiniKiti\lpc_chip_15xx\Debug\liblpc_chip_15xx.a(chip_15xx.o)
                              C:\Users\vovan\Documents\MCUXpressoIDE_11.0.0_2516\SpiniKiti\FreeRTOS\Debug\libfreertos.a(port.o) (SystemCoreClock)
C:\Users\vovan\Documents\MCUXpressoIDE_11.0.0_2516\SpiniKiti\lpc_chip_15xx\Debug\liblpc_chip_15xx.a(clock_15xx.o)
                              C:\Users\vovan\Documents\MCUXpressoIDE_11.0.0_2516\SpiniKiti\lpc_board_nxp_lpcxpresso_1549\Debug\liblpc_board_nxp_lpcxpresso_1549.a(board.o) (Chip_Clock_GetMainClockRate)
C:\Users\vovan\Documents\MCUXpressoIDE_11.0.0_2516\SpiniKiti\lpc_chip_15xx\Debug\liblpc_chip_15xx.a(gpio_15xx.o)
                              C:\Users\vovan\Documents\MCUXpressoIDE_11.0.0_2516\SpiniKiti\lpc_board_nxp_lpcxpresso_1549\Debug\liblpc_board_nxp_lpcxpresso_1549.a(board.o) (Chip_GPIO_Init)
C:\Users\vovan\Documents\MCUXpressoIDE_11.0.0_2516\SpiniKiti\lpc_chip_15xx\Debug\liblpc_chip_15xx.a(iocon_15xx.o)
                              C:\Users\vovan\Documents\MCUXpressoIDE_11.0.0_2516\SpiniKiti\lpc_board_nxp_lpcxpresso_1549\Debug\liblpc_board_nxp_lpcxpresso_1549.a(board_sysinit.o) (Chip_IOCON_SetPinMuxing)
C:\Users\vovan\Documents\MCUXpressoIDE_11.0.0_2516\SpiniKiti\lpc_chip_15xx\Debug\liblpc_chip_15xx.a(sct_15xx.o)
                              ./src/usb_cdc.o (Chip_SCT_Init)
C:\Users\vovan\Documents\MCUXpressoIDE_11.0.0_2516\SpiniKiti\lpc_chip_15xx\Debug\liblpc_chip_15xx.a(swm_15xx.o)
                              ./src/ITM_write.o (Chip_SWM_MovablePinAssign)
C:\Users\vovan\Documents\MCUXpressoIDE_11.0.0_2516\SpiniKiti\lpc_chip_15xx\Debug\liblpc_chip_15xx.a(sysctl_15xx.o)
                              C:\Users\vovan\Documents\MCUXpressoIDE_11.0.0_2516\SpiniKiti\lpc_board_nxp_lpcxpresso_1549\Debug\liblpc_board_nxp_lpcxpresso_1549.a(board_sysinit.o) (Chip_SYSCTL_AssertPeriphReset)
C:\Users\vovan\Documents\MCUXpressoIDE_11.0.0_2516\SpiniKiti\lpc_chip_15xx\Debug\liblpc_chip_15xx.a(sysinit_15xx.o)
                              C:\Users\vovan\Documents\MCUXpressoIDE_11.0.0_2516\SpiniKiti\lpc_board_nxp_lpcxpresso_1549\Debug\liblpc_board_nxp_lpcxpresso_1549.a(board_sysinit.o) (Chip_SetupXtalClocking)
C:\Users\vovan\Documents\MCUXpressoIDE_11.0.0_2516\SpiniKiti\lpc_chip_15xx\Debug\liblpc_chip_15xx.a(uart_15xx.o)
                              C:\Users\vovan\Documents\MCUXpressoIDE_11.0.0_2516\SpiniKiti\lpc_board_nxp_lpcxpresso_1549\Debug\liblpc_board_nxp_lpcxpresso_1549.a(board.o) (Chip_UART_Init)
C:\Users\vovan\Documents\MCUXpressoIDE_11.0.0_2516\SpiniKiti\lpc_chip_15xx\Debug\liblpc_chip_15xx.a(ring_buffer.o)
                              C:\Users\vovan\Documents\MCUXpressoIDE_11.0.0_2516\SpiniKiti\lpc_chip_15xx\Debug\liblpc_chip_15xx.a(uart_15xx.o) (RingBuffer_Insert)
c:/nxp/mcuxpressoide_11.0.0_2516/ide/plugins/com.nxp.mcuxpresso.tools.win32_11.0.0.201905131304/tools/bin/../lib/gcc/arm-none-eabi/8.2.1/thumb/v7-m/nofp\libgcc.a(_aeabi_uldivmod.o)
[...]
Memory Configuration

Name             Origin             Length             Attributes
MFlash256        0x00000000         0x00040000         xr
Ram0_16_32       0x02000000         0x00008000         xrw
Ram2_4           0x02008000         0x00001000         xrw
*default*        0x00000000         0xffffffff

Linker script and memory map

LOAD ./src/Fmutex.o
LOAD ./src/ITM_write.o
LOAD ./src/cdc_desc.o
LOAD ./src/cdc_main.o
LOAD ./src/cdc_vcom.o
LOAD ./src/cr_cpp_config.o
LOAD ./src/cr_startup_lpc15xx.o
LOAD ./src/crp.o
LOAD ./src/sysinit.o
LOAD ./src/usb_cdc.o
LOAD C:\Users\vovan\Documents\MCUXpressoIDE_11.0.0_2516\SpiniKiti\FreeRTOS\Debug\libfreertos.a
LOAD C:\Users\vovan\Documents\MCUXpressoIDE_11.0.0_2516\SpiniKiti\lpc_board_nxp_lpcxpresso_1549\Debug\liblpc_board_nxp_lpcxpresso_1549.a
LOAD C:\Users\vovan\Documents\MCUXpressoIDE_11.0.0_2516\SpiniKiti\lpc_chip_15xx\Debug\liblpc_chip_15xx.a
LOAD C:\Users\vovan\Documents\MCUXpressoIDE_11.0.0_2516\SpiniKiti\FreeRTOS\Debug\libFreeRTOS.a
START GROUP
LOAD c:/nxp/mcuxpressoide_11.0.0_2516/ide/plugins/com.nxp.mcuxpresso.tools.win32_11.0.0.201905131304/tools/bin/../lib/gcc/arm-none-eabi/8.2.1/thumb/v7-m/nofp\libgcc.a
LOAD c:/nxp/mcuxpressoide_11.0.0_2516/ide/plugins/com.nxp.mcuxpresso.tools.win32_11.0.0.201905131304/tools/bin/../lib/gcc/arm-none-eabi/8.2.1/../../../../arm-none-eabi/lib/thumb/v7-m/nofp\libc.a
LOAD c:/nxp/mcuxpressoide_11.0.0_2516/ide/plugins/com.nxp.mcuxpresso.tools.win32_11.0.0.201905131304/tools/bin/../lib/gcc/arm-none-eabi/8.2.1/../../../../arm-none-eabi/lib/thumb/v7-m/nofp\libstdc++.a
LOAD c:/nxp/mcuxpressoide_11.0.0_2516/ide/plugins/com.nxp.mcuxpresso.tools.win32_11.0.0.201905131304/tools/bin/../lib/gcc/arm-none-eabi/8.2.1/../../../../arm-none-eabi/lib/thumb/v7-m/nofp\libm.a
LOAD c:/nxp/mcuxpressoide_11.0.0_2516/ide/plugins/com.nxp.mcuxpresso.tools.win32_11.0.0.201905131304/tools/bin/../lib/gcc/arm-none-eabi/8.2.1/../../../../arm-none-eabi/lib/thumb/v7-m/nofp\libcr_newlib_nohost.a
LOAD c:/nxp/mcuxpressoide_11.0.0_2516/ide/plugins/com.nxp.mcuxpresso.tools.win32_11.0.0.201905131304/tools/bin/../lib/gcc/arm-none-eabi/8.2.1/thumb/v7-m/nofp\crti.o
LOAD c:/nxp/mcuxpressoide_11.0.0_2516/ide/plugins/com.nxp.mcuxpresso.tools.win32_11.0.0.201905131304/tools/bin/../lib/gcc/arm-none-eabi/8.2.1/thumb/v7-m/nofp\crtn.o
LOAD c:/nxp/mcuxpressoide_11.0.0_2516/ide/plugins/com.nxp.mcuxpresso.tools.win32_11.0.0.201905131304/tools/bin/../lib/gcc/arm-none-eabi/8.2.1/thumb/v7-m/nofp\crtbegin.o
LOAD c:/nxp/mcuxpressoide_11.0.0_2516/ide/plugins/com.nxp.mcuxpresso.tools.win32_11.0.0.201905131304/tools/bin/../lib/gcc/arm-none-eabi/8.2.1/thumb/v7-m/nofp\crtend.o
END GROUP
                0x00000000                __base_MFlash256 = 0x0
                0x00000000                __base_Flash = 0x0
                0x00040000                __top_MFlash256 = 0x40000
                0x00040000                __top_Flash = 0x40000
                0x02000000                __base_Ram0_16_32 = 0x2000000
                0x02000000                __base_RAM = 0x2000000
                0x02008000                __top_Ram0_16_32 = 0x2008000
                0x02008000                __top_RAM = 0x2008000
                0x02008000                __base_Ram2_4 = 0x2008000
                0x02008000                __base_RAM2 = 0x2008000
                0x02009000                __top_Ram2_4 = 0x2009000
                0x02009000                __top_RAM2 = 0x2009000

.text           0x00000000     0x4c90
 FILL mask 0xff
                0x00000000                __vectors_start__ = ABSOLUTE (.)
 *(.isr_vector)
 .isr_vector    0x00000000       0xfc ./src/cr_startup_lpc15xx.o
                0x00000000                g_pfnVectors
                0x000000fc                . = ALIGN (0x4)
                0x000000fc                __section_table_start = .
                0x000000fc                __data_section_table = .
                0x000000fc        0x4 LONG 0x4c98 LOADADDR (.data)
                0x00000100        0x4 LONG 0x2000000 ADDR (.data)
                0x00000104        0x4 LONG 0x890 SIZEOF (.data)
                0x00000108        0x4 LONG 0x4c98 LOADADDR (.data_RAM2)
                0x0000010c        0x4 LONG 0x2008000 ADDR (.data_RAM2)
                0x00000110        0x4 LONG 0x0 SIZEOF (.data_RAM2)
                0x00000114                __data_section_table_end = .
                0x00000114                __bss_section_table = .
                0x00000114        0x4 LONG 0x2000890 ADDR (.bss)
                0x00000118        0x4 LONG 0x644 SIZEOF (.bss)
                0x0000011c        0x4 LONG 0x2008000 ADDR (.bss_RAM2)
                0x00000120        0x4 LONG 0x0 SIZEOF (.bss_RAM2)
                0x00000124                __bss_section_table_end = .
                0x00000124                __section_table_end = .
 *(.after_vectors*)
 .after_vectors
                0x00000124      0x140 ./src/cr_startup_lpc15xx.o
                0x00000124                data_init(unsigned int, unsigned int, unsigned int)
                0x00000166                bss_init(unsigned int, unsigned int)
                0x0000019c                ResetISR
                0x00000228                NMI_Handler
                0x0000022e                HardFault_Handler
                0x00000234                MemManage_Handler
                0x0000023a                BusFault_Handler
                0x00000240                UsageFault_Handler
                0x0000024c                DebugMon_Handler
                0x0000025e                UART1_IRQHandler
                0x0000025e                RTC_WAKE_IRQHandler
                0x0000025e                UART0_IRQHandler
                0x0000025e                MRT_IRQHandler
                0x0000025e                ADC1_THCMP_IRQHandler
                0x0000025e                SPI1_IRQHandler
                0x0000025e                PIN_INT6_IRQHandler
                0x0000025e                IntDefaultHandler
                0x0000025e                PIN_INT4_IRQHandler
                0x0000025e                CAN_IRQHandler
                0x0000025e                RTC_ALARM_IRQHandler
                0x0000025e                ADC1B_IRQHandler
                0x0000025e                ADC1_OVR_IRQHandler
                0x0000025e                USBWakeup_IRQHandler
                0x0000025e                ADC0_OVR_IRQHandler
                0x0000025e                PIN_INT5_IRQHandler
                0x0000025e                SCT1_IRQHandler
                0x0000025e                PIN_INT2_IRQHandler
                0x0000025e                USB_FIQHandler
                0x0000025e                SCT3_IRQHandler
                0x0000025e                PIN_INT7_IRQHandler
                0x0000025e                I2C0_IRQHandler
                0x0000025e                PIN_INT1_IRQHandler
                0x0000025e                BOD_IRQHandler
                0x0000025e                ADC0B_IRQHandler
                0x0000025e                ACMP0_IRQHandler
                0x0000025e                RIT_IRQHandler
                0x0000025e                SCT2_IRQHandler
                0x0000025e                WDT_IRQHandler
                0x0000025e                PIN_INT0_IRQHandler
                0x0000025e                QEI_IRQHandler
                0x0000025e                ACMP3_IRQHandler
                0x0000025e                GINT0_IRQHandler
                0x0000025e                DAC_IRQHandler
                0x0000025e                SPI0_IRQHandler
                0x0000025e                EEPROM_IRQHandler
                0x0000025e                ACMP2_IRQHandler
                0x0000025e                UART2_IRQHandler
                0x0000025e                ADC1A_IRQHandler
                0x0000025e                DMA_IRQHandler
                0x0000025e                PIN_INT3_IRQHandler
                0x0000025e                ACMP1_IRQHandler
                0x0000025e                SCT0_IRQHandler
                0x0000025e                ADC0A_IRQHandler
                0x0000025e                FMC_IRQHandler
                0x0000025e                GINT1_IRQHandler
                0x0000025e                ADC0_THCMP_IRQHandler
 *(.text*)
 .text.Chip_SWM_MovablePortPinAssign
                0x00000264       0x30 ./src/ITM_write.o
 .text.ITM_init
                0x00000294       0x12 ./src/ITM_write.o
                0x00000294                ITM_init
 *fill*         0x000002a6        0x2 ff
 .text.ITM_write
                0x000002a8       0x7c ./src/ITM_write.o
                0x000002a8                ITM_write
 .text.NVIC_EnableIRQ
                0x00000324       0x30 ./src/cdc_main.o
 .text.NVIC_SetPriority
                0x00000354       0x54 ./src/cdc_main.o
 .text.vcom_connected
                0x000003a8       0x1c ./src/cdc_main.o
 .text.USB_send
                0x000003c4       0x74 ./src/cdc_main.o
                0x000003c4                USB_send
 .text.USB_receive
                0x00000438       0x5c ./src/cdc_main.o
                0x00000438                USB_receive
 .text.USB_IRQHandler
                0x00000494       0x58 ./src/cdc_main.o
                0x00000494                USB_IRQHandler
 .text.find_IntfDesc
                0x000004ec       0x5c ./src/cdc_main.o
                0x000004ec                find_IntfDesc
 .text.cdc_task
                0x00000548      0x2e0 ./src/cdc_main.o
                0x00000548                cdc_task
 .text.NVIC_EnableIRQ
                0x00000828       0x30 ./src/cdc_vcom.o
 .text.NVIC_DisableIRQ
                0x00000858       0x34 ./src/cdc_vcom.o
 .text.VCOM_bulk_in_hdlr
                0x0000088c       0x32 ./src/cdc_vcom.o
 *fill*         0x000008be        0x2 ff
 .text.VCOM_bulk_out_hdlr
                0x000008c0       0xec ./src/cdc_vcom.o
 .text.VCOM_SetLineCode
                0x000009ac       0x28 ./src/cdc_vcom.o
 .text.vcom_init
                0x000009d4       0xec ./src/cdc_vcom.o
                0x000009d4                vcom_init
 .text.vcom_bread
                0x00000ac0       0x8c ./src/cdc_vcom.o
                0x00000ac0                vcom_bread
 .text.vcom_write
                0x00000b4c       0x74 ./src/cdc_vcom.o
                0x00000b4c                vcom_write
 .text.SystemInit
                0x00000bc0        0xc ./src/sysinit.o
                0x00000bc0                SystemInit
 .text.NVIC_SetPriority
                0x00000bcc       0x54 ./src/usb_cdc.o
 .text.SysTick_Config
                0x00000c20       0x44 ./src/usb_cdc.o
 .text.Chip_ADC_SetDivider
                0x00000c64       0x2a ./src/usb_cdc.o
 .text.Chip_ADC_SetADC0Input
                0x00000c8e       0x1a ./src/usb_cdc.o
 .text.Chip_ADC_SetupSequencer
                0x00000ca8       0x24 ./src/usb_cdc.o
 .text.Chip_ADC_EnableSequencer
                0x00000ccc       0x22 ./src/usb_cdc.o
 .text.Chip_ADC_StartSequencer
                0x00000cee       0x22 ./src/usb_cdc.o
 .text.Chip_ADC_GetDataReg
                0x00000d10       0x20 ./src/usb_cdc.o
 .text.Chip_ADC_GetFlags
                0x00000d30       0x16 ./src/usb_cdc.o
 .text.Chip_ADC_ClearFlags
                0x00000d46       0x1a ./src/usb_cdc.o
 .text.Chip_ADC_SetTrim
                0x00000d60       0x1a ./src/usb_cdc.o
 *fill*         0x00000d7a        0x2 ff
 .text._Z20ADC_StartCalibrationP9LPC_ADC_T
                0x00000d7c       0x4c ./src/usb_cdc.o
                0x00000d7c                ADC_StartCalibration(LPC_ADC_T*)
 .text._ZL16prvSetupHardwarev
                0x00000dc8       0x10 ./src/usb_cdc.o
 .text._ZL9ADC_setupv
                0x00000dd8       0xa8 ./src/usb_cdc.o
 .text._ZL12receive_taskPv
                0x00000e80       0x4c ./src/usb_cdc.o
 .text._ZL11sensor_taskPv
                0x00000ecc      0x204 ./src/usb_cdc.o
 .text.main     0x000010d0       0x78 ./src/usb_cdc.o
                0x000010d0                main
 .text.xQueueGenericReset
                0x00001148       0xb4 C:\Users\vovan\Documents\MCUXpressoIDE_11.0.0_2516\SpiniKiti\FreeRTOS\Debug\libfreertos.a(queue.o)
                0x00001148                xQueueGenericReset
 .text.xQueueGenericCreate
                0x000011fc       0x5c C:\Users\vovan\Documents\MCUXpressoIDE_11.0.0_2516\SpiniKiti\FreeRTOS\Debug\libfreertos.a(queue.o)
                0x000011fc                xQueueGenericCreate
 .text.prvInitialiseNewQueue
                0x00001258       0x46 C:\Users\vovan\Documents\MCUXpressoIDE_11.0.0_2516\SpiniKiti\FreeRTOS\Debug\libfreertos.a(queue.o)
 .text.prvInitialiseMutex
                0x0000129e       0x34 C:\Users\vovan\Documents\MCUXpressoIDE_11.0.0_2516\SpiniKiti\FreeRTOS\Debug\libfreertos.a(queue.o)
 .text.xQueueCreateMutex
                0x000012d2       0x30 C:\Users\vovan\Documents\MCUXpressoIDE_11.0.0_2516\SpiniKiti\FreeRTOS\Debug\libfreertos.a(queue.o)
                0x000012d2                xQueueCreateMutex
 *fill*         0x00001302        0x2 ff
 .text.xQueueGenericSend
                0x00001304      0x154 C:\Users\vovan\Documents\MCUXpressoIDE_11.0.0_2516\SpiniKiti\FreeRTOS\Debug\libfreertos.a(queue.o)
                0x00001304                xQueueGenericSend
 .text.xQueueGiveFromISR
                0x00001458       0xa6 C:\Users\vovan\Documents\MCUXpressoIDE_11.0.0_2516\SpiniKiti\FreeRTOS\Debug\libfreertos.a(queue.o)
                0x00001458                xQueueGiveFromISR
 *fill*         0x000014fe        0x2 ff
 .text.xQueueReceive
                0x00001500      0x144 C:\Users\vovan\Documents\MCUXpressoIDE_11.0.0_2516\SpiniKiti\FreeRTOS\Debug\libfreertos.a(queue.o)
                0x00001500                xQueueReceive
 .text.xQueueSemaphoreTake
                0x00001644      0x190 C:\Users\vovan\Documents\MCUXpressoIDE_11.0.0_2516\SpiniKiti\FreeRTOS\Debug\libfreertos.a(queue.o)
                0x00001644                xQueueSemaphoreTake
 .text.prvGetDisinheritPriorityAfterTimeout
                0x000017d4       0x2e C:\Users\vovan\Documents\MCUXpressoIDE_11.0.0_2516\SpiniKiti\FreeRTOS\Debug\libfreertos.a(queue.o)
 .text.prvCopyDataToQueue
                0x00001802       0xd4 C:\Users\vovan\Documents\MCUXpressoIDE_11.0.0_2516\SpiniKiti\FreeRTOS\Debug\libfreertos.a(queue.o)
 .text.prvCopyDataFromQueue
                0x000018d6       0x4c C:\Users\vovan\Documents\MCUXpressoIDE_11.0.0_2516\SpiniKiti\FreeRTOS\Debug\libfreertos.a(queue.o)
 .text.prvUnlockQueue
                0x00001922       0xa4 C:\Users\vovan\Documents\MCUXpressoIDE_11.0.0_2516\SpiniKiti\FreeRTOS\Debug\libfreertos.a(queue.o)
 .text.prvIsQueueEmpty
                0x000019c6       0x2c C:\Users\vovan\Documents\MCUXpressoIDE_11.0.0_2516\SpiniKiti\FreeRTOS\Debug\libfreertos.a(queue.o)
 .text.prvIsQueueFull
                0x000019f2       0x30 C:\Users\vovan\Documents\MCUXpressoIDE_11.0.0_2516\SpiniKiti\FreeRTOS\Debug\libfreertos.a(queue.o)
 *fill*         0x00001a22        0x2 ff
 .text.vQueueAddToRegistry
                0x00001a24       0x50 C:\Users\vovan\Documents\MCUXpressoIDE_11.0.0_2516\SpiniKiti\FreeRTOS\Debug\libfreertos.a(queue.o)
                0x00001a24                vQueueAddToRegistry
 .text.xTaskCreate
                0x00001a74       0x84 C:\Users\vovan\Documents\MCUXpressoIDE_11.0.0_2516\SpiniKiti\FreeRTOS\Debug\libfreertos.a(tasks.o)
                0x00001a74                xTaskCreate
 .text.prvInitialiseNewTask
                0x00001af8      0x184 C:\Users\vovan\Documents\MCUXpressoIDE_11.0.0_2516\SpiniKiti\FreeRTOS\Debug\libfreertos.a(tasks.o)
 .text.prvAddNewTaskToReadyList
                0x00001c7c       0xdc C:\Users\vovan\Documents\MCUXpressoIDE_11.0.0_2516\SpiniKiti\FreeRTOS\Debug\libfreertos.a(tasks.o)
 .text.vTaskDelay
                0x00001d58       0x48 C:\Users\vovan\Documents\MCUXpressoIDE_11.0.0_2516\SpiniKiti\FreeRTOS\Debug\libfreertos.a(tasks.o)
                0x00001d58                vTaskDelay
 .text.vTaskStartScheduler
                0x00001da0       0xa0 C:\Users\vovan\Documents\MCUXpressoIDE_11.0.0_2516\SpiniKiti\FreeRTOS\Debug\libfreertos.a(tasks.o)
                0x00001da0                vTaskStartScheduler
 .text.vTaskSuspendAll
                0x00001e40       0x1c C:\Users\vovan\Documents\MCUXpressoIDE_11.0.0_2516\SpiniKiti\FreeRTOS\Debug\libfreertos.a(tasks.o)
                0x00001e40                vTaskSuspendAll
 .text.xTaskResumeAll
                0x00001e5c      0x11c C:\Users\vovan\Documents\MCUXpressoIDE_11.0.0_2516\SpiniKiti\FreeRTOS\Debug\libfreertos.a(tasks.o)
                0x00001e5c                xTaskResumeAll
 .text.xTaskGetTickCount
                0x00001f78       0x1c C:\Users\vovan\Documents\MCUXpressoIDE_11.0.0_2516\SpiniKiti\FreeRTOS\Debug\libfreertos.a(tasks.o)
                0x00001f78                xTaskGetTickCount
 .text.xTaskIncrementTick
                0x00001f94      0x150 C:\Users\vovan\Documents\MCUXpressoIDE_11.0.0_2516\SpiniKiti\FreeRTOS\Debug\libfreertos.a(tasks.o)
                0x00001f94                xTaskIncrementTick
 .text.vTaskSwitchContext
                0x000020e4       0xe4 C:\Users\vovan\Documents\MCUXpressoIDE_11.0.0_2516\SpiniKiti\FreeRTOS\Debug\libfreertos.a(tasks.o)
                0x000020e4                vTaskSwitchContext
 .text.vTaskPlaceOnEventList
                0x000021c8       0x2c C:\Users\vovan\Documents\MCUXpressoIDE_11.0.0_2516\SpiniKiti\FreeRTOS\Debug\libfreertos.a(tasks.o)
                0x000021c8                vTaskPlaceOnEventList
 .text.xTaskRemoveFromEventList
                0x000021f4       0xa8 C:\Users\vovan\Documents\MCUXpressoIDE_11.0.0_2516\SpiniKiti\FreeRTOS\Debug\libfreertos.a(tasks.o)
                0x000021f4                xTaskRemoveFromEventList
 .text.vTaskInternalSetTimeOutState
                0x0000229c       0x2c C:\Users\vovan\Documents\MCUXpressoIDE_11.0.0_2516\SpiniKiti\FreeRTOS\Debug\libfreertos.a(tasks.o)
                0x0000229c                vTaskInternalSetTimeOutState
 .text.xTaskCheckForTimeOut
                0x000022c8       0x8c C:\Users\vovan\Documents\MCUXpressoIDE_11.0.0_2516\SpiniKiti\FreeRTOS\Debug\libfreertos.a(tasks.o)
                0x000022c8                xTaskCheckForTimeOut
 .text.vTaskMissedYield
                0x00002354       0x18 C:\Users\vovan\Documents\MCUXpressoIDE_11.0.0_2516\SpiniKiti\FreeRTOS\Debug\libfreertos.a(tasks.o)
                0x00002354                vTaskMissedYield
 .text.prvIdleTask
                0x0000236c        0xe C:\Users\vovan\Documents\MCUXpressoIDE_11.0.0_2516\SpiniKiti\FreeRTOS\Debug\libfreertos.a(tasks.o)
 *fill*         0x0000237a        0x2 ff
 .text.prvInitialiseTaskLists
                0x0000237c       0x80 C:\Users\vovan\Documents\MCUXpressoIDE_11.0.0_2516\SpiniKiti\FreeRTOS\Debug\libfreertos.a(tasks.o)
 .text.prvCheckTasksWaitingTermination
                0x000023fc       0x58 C:\Users\vovan\Documents\MCUXpressoIDE_11.0.0_2516\SpiniKiti\FreeRTOS\Debug\libfreertos.a(tasks.o)
 .text.prvDeleteTCB
                0x00002454       0x2a C:\Users\vovan\Documents\MCUXpressoIDE_11.0.0_2516\SpiniKiti\FreeRTOS\Debug\libfreertos.a(tasks.o)
 *fill*         0x0000247e        0x2 ff
 .text.prvResetNextTaskUnblockTime
                0x00002480       0x40 C:\Users\vovan\Documents\MCUXpressoIDE_11.0.0_2516\SpiniKiti\FreeRTOS\Debug\libfreertos.a(tasks.o)
 .text.xTaskPriorityInherit
                0x000024c0      0x100 C:\Users\vovan\Documents\MCUXpressoIDE_11.0.0_2516\SpiniKiti\FreeRTOS\Debug\libfreertos.a(tasks.o)
                0x000024c0                xTaskPriorityInherit
 .text.xTaskPriorityDisinherit
                0x000025c0       0xc8 C:\Users\vovan\Documents\MCUXpressoIDE_11.0.0_2516\SpiniKiti\FreeRTOS\Debug\libfreertos.a(tasks.o)
                0x000025c0                xTaskPriorityDisinherit
 .text.vTaskPriorityDisinheritAfterTimeout
                0x00002688       0xf0 C:\Users\vovan\Documents\MCUXpressoIDE_11.0.0_2516\SpiniKiti\FreeRTOS\Debug\libfreertos.a(tasks.o)
                0x00002688                vTaskPriorityDisinheritAfterTimeout
 .text.pvTaskIncrementMutexHeldCount
                0x00002778       0x28 C:\Users\vovan\Documents\MCUXpressoIDE_11.0.0_2516\SpiniKiti\FreeRTOS\Debug\libfreertos.a(tasks.o)
                0x00002778                pvTaskIncrementMutexHeldCount
 .text.prvAddCurrentTaskToDelayedList
                0x000027a0       0xcc C:\Users\vovan\Documents\MCUXpressoIDE_11.0.0_2516\SpiniKiti\FreeRTOS\Debug\libfreertos.a(tasks.o)
 .text.pvPortMalloc
                0x0000286c       0x2e C:\Users\vovan\Documents\MCUXpressoIDE_11.0.0_2516\SpiniKiti\FreeRTOS\Debug\libfreertos.a(heap_3.o)
                0x0000286c                pvPortMalloc
 .text.vPortFree
                0x0000289a       0x24 C:\Users\vovan\Documents\MCUXpressoIDE_11.0.0_2516\SpiniKiti\FreeRTOS\Debug\libfreertos.a(heap_3.o)
                0x0000289a                vPortFree
 *fill*         0x000028be        0x2 ff
 .text.pxPortInitialiseStack
                0x000028c0       0x58 C:\Users\vovan\Documents\MCUXpressoIDE_11.0.0_2516\SpiniKiti\FreeRTOS\Debug\libfreertos.a(port.o)
                0x000028c0                pxPortInitialiseStack
 .text.prvTaskExitError
                0x00002918       0x2e C:\Users\vovan\Documents\MCUXpressoIDE_11.0.0_2516\SpiniKiti\FreeRTOS\Debug\libfreertos.a(port.o)
 *fill*         0x00002946        0xa ff
 .text.SVC_Handler
                0x00002950       0x28 C:\Users\vovan\Documents\MCUXpressoIDE_11.0.0_2516\SpiniKiti\FreeRTOS\Debug\libfreertos.a(port.o)
                0x00002950                SVC_Handler
 .text.prvPortStartFirstTask
                0x00002978       0x20 C:\Users\vovan\Documents\MCUXpressoIDE_11.0.0_2516\SpiniKiti\FreeRTOS\Debug\libfreertos.a(port.o)
 .text.xPortStartScheduler
                0x00002998       0x40 C:\Users\vovan\Documents\MCUXpressoIDE_11.0.0_2516\SpiniKiti\FreeRTOS\Debug\libfreertos.a(port.o)
                0x00002998                xPortStartScheduler
 .text.vPortEnterCritical
                0x000029d8       0x30 C:\Users\vovan\Documents\MCUXpressoIDE_11.0.0_2516\SpiniKiti\FreeRTOS\Debug\libfreertos.a(port.o)
                0x000029d8                vPortEnterCritical
 .text.vPortExitCritical
                0x00002a08       0x30 C:\Users\vovan\Documents\MCUXpressoIDE_11.0.0_2516\SpiniKiti\FreeRTOS\Debug\libfreertos.a(port.o)
                0x00002a08                vPortExitCritical
 *fill*         0x00002a38        0x8 ff
 .text.PendSV_Handler
                0x00002a40       0x48 C:\Users\vovan\Documents\MCUXpressoIDE_11.0.0_2516\SpiniKiti\FreeRTOS\Debug\libfreertos.a(port.o)
                0x00002a40                PendSV_Handler
 .text.SysTick_Handler
                0x00002a88       0x40 C:\Users\vovan\Documents\MCUXpressoIDE_11.0.0_2516\SpiniKiti\FreeRTOS\Debug\libfreertos.a(port.o)
                0x00002a88                SysTick_Handler
 .text.vPortSetupTimerInterrupt
                0x00002ac8       0x44 C:\Users\vovan\Documents\MCUXpressoIDE_11.0.0_2516\SpiniKiti\FreeRTOS\Debug\libfreertos.a(port.o)
                0x00002ac8                vPortSetupTimerInterrupt
 .text.vApplicationMallocFailedHook
                0x00002b0c       0x1c C:\Users\vovan\Documents\MCUXpressoIDE_11.0.0_2516\SpiniKiti\FreeRTOS\Debug\libfreertos.a(FreeRTOSCommonHooks.o)
                0x00002b0c                vApplicationMallocFailedHook
 .text.vApplicationStackOverflowHook
                0x00002b28       0x20 C:\Users\vovan\Documents\MCUXpressoIDE_11.0.0_2516\SpiniKiti\FreeRTOS\Debug\libfreertos.a(FreeRTOSCommonHooks.o)
                0x00002b28                vApplicationStackOverflowHook
 .text.vListInitialise
                0x00002b48       0x3e C:\Users\vovan\Documents\MCUXpressoIDE_11.0.0_2516\SpiniKiti\FreeRTOS\Debug\libfreertos.a(list.o)
                0x00002b48                vListInitialise
 .text.vListInitialiseItem
                0x00002b86       0x18 C:\Users\vovan\Documents\MCUXpressoIDE_11.0.0_2516\SpiniKiti\FreeRTOS\Debug\libfreertos.a(list.o)
                0x00002b86                vListInitialiseItem
 .text.vListInsertEnd
                0x00002b9e       0x46 C:\Users\vovan\Documents\MCUXpressoIDE_11.0.0_2516\SpiniKiti\FreeRTOS\Debug\libfreertos.a(list.o)
                0x00002b9e                vListInsertEnd
 .text.vListInsert
                0x00002be4       0x70 C:\Users\vovan\Documents\MCUXpressoIDE_11.0.0_2516\SpiniKiti\FreeRTOS\Debug\libfreertos.a(list.o)
                0x00002be4                vListInsert
 .text.uxListRemove
                0x00002c54       0x52 C:\Users\vovan\Documents\MCUXpressoIDE_11.0.0_2516\SpiniKiti\FreeRTOS\Debug\libfreertos.a(list.o)
                0x00002c54                uxListRemove
 .text.Chip_IOCON_PinMuxSet
                0x00002ca6       0x2c C:\Users\vovan\Documents\MCUXpressoIDE_11.0.0_2516\SpiniKiti\lpc_board_nxp_lpcxpresso_1549\Debug\liblpc_board_nxp_lpcxpresso_1549.a(board.o)
 .text.Chip_SWM_MovablePortPinAssign
                0x00002cd2       0x30 C:\Users\vovan\Documents\MCUXpressoIDE_11.0.0_2516\SpiniKiti\lpc_board_nxp_lpcxpresso_1549\Debug\liblpc_board_nxp_lpcxpresso_1549.a(board.o)
 .text.Chip_GPIO_SetPinState
                0x00002d02       0x36 C:\Users\vovan\Documents\MCUXpressoIDE_11.0.0_2516\SpiniKiti\lpc_board_nxp_lpcxpresso_1549\Debug\liblpc_board_nxp_lpcxpresso_1549.a(board.o)
 .text.Chip_GPIO_SetPinDIROutput
                0x00002d38       0x3c C:\Users\vovan\Documents\MCUXpressoIDE_11.0.0_2516\SpiniKiti\lpc_board_nxp_lpcxpresso_1549\Debug\liblpc_board_nxp_lpcxpresso_1549.a(board.o)
 .text.Chip_UART_Enable
                0x00002d74       0x1e C:\Users\vovan\Documents\MCUXpressoIDE_11.0.0_2516\SpiniKiti\lpc_board_nxp_lpcxpresso_1549\Debug\liblpc_board_nxp_lpcxpresso_1549.a(board.o)
 .text.Chip_UART_TXEnable
                0x00002d92       0x1e C:\Users\vovan\Documents\MCUXpressoIDE_11.0.0_2516\SpiniKiti\lpc_board_nxp_lpcxpresso_1549\Debug\liblpc_board_nxp_lpcxpresso_1549.a(board.o)
 .text.Chip_UART_ConfigData
                0x00002db0       0x28 C:\Users\vovan\Documents\MCUXpressoIDE_11.0.0_2516\SpiniKiti\lpc_board_nxp_lpcxpresso_1549\Debug\liblpc_board_nxp_lpcxpresso_1549.a(board.o)
 .text.Board_Debug_Init
                0x00002dd8       0x70 C:\Users\vovan\Documents\MCUXpressoIDE_11.0.0_2516\SpiniKiti\lpc_board_nxp_lpcxpresso_1549\Debug\liblpc_board_nxp_lpcxpresso_1549.a(board.o)
                0x00002dd8                Board_Debug_Init
 .text.Board_LED_Init
                0x00002e48       0x5c C:\Users\vovan\Documents\MCUXpressoIDE_11.0.0_2516\SpiniKiti\lpc_board_nxp_lpcxpresso_1549\Debug\liblpc_board_nxp_lpcxpresso_1549.a(board.o)
 .text.Board_LED_Set
                0x00002ea4       0x54 C:\Users\vovan\Documents\MCUXpressoIDE_11.0.0_2516\SpiniKiti\lpc_board_nxp_lpcxpresso_1549\Debug\liblpc_board_nxp_lpcxpresso_1549.a(board.o)
                0x00002ea4                Board_LED_Set
 .text.Board_Init
                0x00002ef8       0x18 C:\Users\vovan\Documents\MCUXpressoIDE_11.0.0_2516\SpiniKiti\lpc_board_nxp_lpcxpresso_1549\Debug\liblpc_board_nxp_lpcxpresso_1549.a(board.o)
                0x00002ef8                Board_Init
 .text.Chip_SYSCTL_PeriphReset
                0x00002f10       0x22 C:\Users\vovan\Documents\MCUXpressoIDE_11.0.0_2516\SpiniKiti\lpc_board_nxp_lpcxpresso_1549\Debug\liblpc_board_nxp_lpcxpresso_1549.a(board_sysinit.o)
 *fill*         0x00002f32        0x2 ff
 .text.Chip_Clock_SetUSBPLLSource
                0x00002f34       0x20 C:\Users\vovan\Documents\MCUXpressoIDE_11.0.0_2516\SpiniKiti\lpc_board_nxp_lpcxpresso_1549\Debug\liblpc_board_nxp_lpcxpresso_1549.a(board_sysinit.o)
 .text.Chip_Clock_SetupUSBPLL
                0x00002f54       0x34 C:\Users\vovan\Documents\MCUXpressoIDE_11.0.0_2516\SpiniKiti\lpc_board_nxp_lpcxpresso_1549\Debug\liblpc_board_nxp_lpcxpresso_1549.a(board_sysinit.o)
 .text.Chip_Clock_IsUSBPLLLocked
                0x00002f88       0x24 C:\Users\vovan\Documents\MCUXpressoIDE_11.0.0_2516\SpiniKiti\lpc_board_nxp_lpcxpresso_1549\Debug\liblpc_board_nxp_lpcxpresso_1549.a(board_sysinit.o)
 .text.Chip_Clock_SetSysTickClockDiv
                0x00002fac       0x20 C:\Users\vovan\Documents\MCUXpressoIDE_11.0.0_2516\SpiniKiti\lpc_board_nxp_lpcxpresso_1549\Debug\liblpc_board_nxp_lpcxpresso_1549.a(board_sysinit.o)
 .text.Chip_SWM_MovablePortPinAssign
                0x00002fcc       0x30 C:\Users\vovan\Documents\MCUXpressoIDE_11.0.0_2516\SpiniKiti\lpc_board_nxp_lpcxpresso_1549\Debug\liblpc_board_nxp_lpcxpresso_1549.a(board_sysinit.o)
 .text.Board_SetupMuxing
                0x00002ffc       0x80 C:\Users\vovan\Documents\MCUXpressoIDE_11.0.0_2516\SpiniKiti\lpc_board_nxp_lpcxpresso_1549\Debug\liblpc_board_nxp_lpcxpresso_1549.a(board_sysinit.o)
                0x00002ffc                Board_SetupMuxing
 .text.Board_SetupClocking
                0x0000307c       0x3a C:\Users\vovan\Documents\MCUXpressoIDE_11.0.0_2516\SpiniKiti\lpc_board_nxp_lpcxpresso_1549\Debug\liblpc_board_nxp_lpcxpresso_1549.a(board_sysinit.o)
                0x0000307c                Board_SetupClocking
 *fill*         0x000030b6        0x2 ff
 .text.Board_SystemInit
                0x000030b8       0x1c C:\Users\vovan\Documents\MCUXpressoIDE_11.0.0_2516\SpiniKiti\lpc_board_nxp_lpcxpresso_1549\Debug\liblpc_board_nxp_lpcxpresso_1549.a(board_sysinit.o)
                0x000030b8                Board_SystemInit
 .text.Chip_SYSCTL_PeriphReset
                0x000030d4       0x22 C:\Users\vovan\Documents\MCUXpressoIDE_11.0.0_2516\SpiniKiti\lpc_chip_15xx\Debug\liblpc_chip_15xx.a(adc_15xx.o)
 .text.Chip_ADC_SetDivider
                0x000030f6       0x2a C:\Users\vovan\Documents\MCUXpressoIDE_11.0.0_2516\SpiniKiti\lpc_chip_15xx\Debug\liblpc_chip_15xx.a(adc_15xx.o)
 .text.Chip_ADC_SetIntBits
                0x00003120       0x28 C:\Users\vovan\Documents\MCUXpressoIDE_11.0.0_2516\SpiniKiti\lpc_chip_15xx\Debug\liblpc_chip_15xx.a(adc_15xx.o)
                0x00003120                Chip_ADC_SetIntBits
 .text.Chip_ADC_Init
                0x00003148       0x50 C:\Users\vovan\Documents\MCUXpressoIDE_11.0.0_2516\SpiniKiti\lpc_chip_15xx\Debug\liblpc_chip_15xx.a(adc_15xx.o)
                0x00003148                Chip_ADC_Init
 .text.Chip_ADC_SetClockRate
                0x00003198       0x3a C:\Users\vovan\Documents\MCUXpressoIDE_11.0.0_2516\SpiniKiti\lpc_chip_15xx\Debug\liblpc_chip_15xx.a(adc_15xx.o)
                0x00003198                Chip_ADC_SetClockRate
 .text.Chip_ADC_SetSequencerBits
                0x000031d2       0x38 C:\Users\vovan\Documents\MCUXpressoIDE_11.0.0_2516\SpiniKiti\lpc_chip_15xx\Debug\liblpc_chip_15xx.a(adc_15xx.o)
                0x000031d2                Chip_ADC_SetSequencerBits
 .text.Chip_ADC_EnableInt
                0x0000320a       0x1a C:\Users\vovan\Documents\MCUXpressoIDE_11.0.0_2516\SpiniKiti\lpc_chip_15xx\Debug\liblpc_chip_15xx.a(adc_15xx.o)
                0x0000320a                Chip_ADC_EnableInt
 .text.Chip_SYSCTL_PeriphReset
                0x00003224       0x22 C:\Users\vovan\Documents\MCUXpressoIDE_11.0.0_2516\SpiniKiti\lpc_chip_15xx\Debug\liblpc_chip_15xx.a(chip_15xx.o)
 *fill*         0x00003246        0x2 ff
 .text.Chip_Clock_SetUSBClockSource
                0x00003248       0x2c C:\Users\vovan\Documents\MCUXpressoIDE_11.0.0_2516\SpiniKiti\lpc_chip_15xx\Debug\liblpc_chip_15xx.a(chip_15xx.o)
 .text.Chip_Clock_SetUSBPLLSource
                0x00003274       0x20 C:\Users\vovan\Documents\MCUXpressoIDE_11.0.0_2516\SpiniKiti\lpc_chip_15xx\Debug\liblpc_chip_15xx.a(chip_15xx.o)
 .text.Chip_Clock_SetupUSBPLL
                0x00003294       0x34 C:\Users\vovan\Documents\MCUXpressoIDE_11.0.0_2516\SpiniKiti\lpc_chip_15xx\Debug\liblpc_chip_15xx.a(chip_15xx.o)
 .text.Chip_Clock_IsUSBPLLLocked
                0x000032c8       0x24 C:\Users\vovan\Documents\MCUXpressoIDE_11.0.0_2516\SpiniKiti\lpc_chip_15xx\Debug\liblpc_chip_15xx.a(chip_15xx.o)
 .text.SystemCoreClockUpdate
                0x000032ec       0x18 C:\Users\vovan\Documents\MCUXpressoIDE_11.0.0_2516\SpiniKiti\lpc_chip_15xx\Debug\liblpc_chip_15xx.a(chip_15xx.o)
                0x000032ec                SystemCoreClockUpdate
 .text.Chip_USB_Init
                0x00003304       0x4c C:\Users\vovan\Documents\MCUXpressoIDE_11.0.0_2516\SpiniKiti\lpc_chip_15xx\Debug\liblpc_chip_15xx.a(chip_15xx.o)
                0x00003304                Chip_USB_Init
 .text.Chip_Clock_SetMain_A_ClockSource
                0x00003350       0x20 C:\Users\vovan\Documents\MCUXpressoIDE_11.0.0_2516\SpiniKiti\lpc_chip_15xx\Debug\liblpc_chip_15xx.a(clock_15xx.o)
 .text.Chip_Clock_GetMain_A_ClockSource
                0x00003370       0x18 C:\Users\vovan\Documents\MCUXpressoIDE_11.0.0_2516\SpiniKiti\lpc_chip_15xx\Debug\liblpc_chip_15xx.a(clock_15xx.o)
 .text.Chip_Clock_SetMain_B_ClockSource
                0x00003388       0x20 C:\Users\vovan\Documents\MCUXpressoIDE_11.0.0_2516\SpiniKiti\lpc_chip_15xx\Debug\liblpc_chip_15xx.a(clock_15xx.o)
 .text.Chip_Clock_GetMain_B_ClockSource
                0x000033a8       0x18 C:\Users\vovan\Documents\MCUXpressoIDE_11.0.0_2516\SpiniKiti\lpc_chip_15xx\Debug\liblpc_chip_15xx.a(clock_15xx.o)
 .text.Chip_Clock_GetSysTickClockDiv
                0x000033c0       0x18 C:\Users\vovan\Documents\MCUXpressoIDE_11.0.0_2516\SpiniKiti\lpc_chip_15xx\Debug\liblpc_chip_15xx.a(clock_15xx.o)
 .text.Chip_Clock_SetUARTFRGDivider
                0x000033d8       0x20 C:\Users\vovan\Documents\MCUXpressoIDE_11.0.0_2516\SpiniKiti\lpc_chip_15xx\Debug\liblpc_chip_15xx.a(clock_15xx.o)
 .text.Chip_Clock_GetUARTFRGDivider
                0x000033f8       0x18 C:\Users\vovan\Documents\MCUXpressoIDE_11.0.0_2516\SpiniKiti\lpc_chip_15xx\Debug\liblpc_chip_15xx.a(clock_15xx.o)
 .text.Chip_Clock_GetMainOscRate
                0x00003410       0x14 C:\Users\vovan\Documents\MCUXpressoIDE_11.0.0_2516\SpiniKiti\lpc_chip_15xx\Debug\liblpc_chip_15xx.a(clock_15xx.o)
 .text.Chip_Clock_GetIntOscRate
                0x00003424       0x14 C:\Users\vovan\Documents\MCUXpressoIDE_11.0.0_2516\SpiniKiti\lpc_chip_15xx\Debug\liblpc_chip_15xx.a(clock_15xx.o)
 .text.Chip_Clock_GetRTCOscRate
                0x00003438       0x14 C:\Users\vovan\Documents\MCUXpressoIDE_11.0.0_2516\SpiniKiti\lpc_chip_15xx\Debug\liblpc_chip_15xx.a(clock_15xx.o)
 .text.Chip_Clock_GetWDTOSCRate
                0x0000344c       0x14 C:\Users\vovan\Documents\MCUXpressoIDE_11.0.0_2516\SpiniKiti\lpc_chip_15xx\Debug\liblpc_chip_15xx.a(clock_15xx.o)
 .text.Chip_Clock_GetPLLFreq
                0x00003460       0x26 C:\Users\vovan\Documents\MCUXpressoIDE_11.0.0_2516\SpiniKiti\lpc_chip_15xx\Debug\liblpc_chip_15xx.a(clock_15xx.o)
 .text.Chip_Clock_GetPLLInClockRate
                0x00003486       0x38 C:\Users\vovan\Documents\MCUXpressoIDE_11.0.0_2516\SpiniKiti\lpc_chip_15xx\Debug\liblpc_chip_15xx.a(clock_15xx.o)
 *fill*         0x000034be        0x2 ff
 .text.Chip_Clock_GetSystemPLLInClockRate
                0x000034c0       0x1c C:\Users\vovan\Documents\MCUXpressoIDE_11.0.0_2516\SpiniKiti\lpc_chip_15xx\Debug\liblpc_chip_15xx.a(clock_15xx.o)
                0x000034c0                Chip_Clock_GetSystemPLLInClockRate
 .text.Chip_Clock_GetSystemPLLOutClockRate
                0x000034dc       0x24 C:\Users\vovan\Documents\MCUXpressoIDE_11.0.0_2516\SpiniKiti\lpc_chip_15xx\Debug\liblpc_chip_15xx.a(clock_15xx.o)
                0x000034dc                Chip_Clock_GetSystemPLLOutClockRate
 .text.Chip_Clock_GetMain_A_ClockRate
                0x00003500       0x44 C:\Users\vovan\Documents\MCUXpressoIDE_11.0.0_2516\SpiniKiti\lpc_chip_15xx\Debug\liblpc_chip_15xx.a(clock_15xx.o)
                0x00003500                Chip_Clock_GetMain_A_ClockRate
 .text.Chip_Clock_GetMain_B_ClockRate
                0x00003544       0x58 C:\Users\vovan\Documents\MCUXpressoIDE_11.0.0_2516\SpiniKiti\lpc_chip_15xx\Debug\liblpc_chip_15xx.a(clock_15xx.o)
                0x00003544                Chip_Clock_GetMain_B_ClockRate
 .text.Chip_Clock_SetMainClockSource
                0x0000359c       0x3c C:\Users\vovan\Documents\MCUXpressoIDE_11.0.0_2516\SpiniKiti\lpc_chip_15xx\Debug\liblpc_chip_15xx.a(clock_15xx.o)
                0x0000359c                Chip_Clock_SetMainClockSource
 .text.Chip_Clock_GetMainClockRate
                0x000035d8       0x28 C:\Users\vovan\Documents\MCUXpressoIDE_11.0.0_2516\SpiniKiti\lpc_chip_15xx\Debug\liblpc_chip_15xx.a(clock_15xx.o)
                0x000035d8                Chip_Clock_GetMainClockRate
 .text.Chip_Clock_EnablePeriphClock
                0x00003600       0x58 C:\Users\vovan\Documents\MCUXpressoIDE_11.0.0_2516\SpiniKiti\lpc_chip_15xx\Debug\liblpc_chip_15xx.a(clock_15xx.o)
                0x00003600                Chip_Clock_EnablePeriphClock
 .text.Chip_Clock_GetSysTickClockRate
                0x00003658       0x30 C:\Users\vovan\Documents\MCUXpressoIDE_11.0.0_2516\SpiniKiti\lpc_chip_15xx\Debug\liblpc_chip_15xx.a(clock_15xx.o)
                0x00003658                Chip_Clock_GetSysTickClockRate
 .text.Chip_Clock_GetUARTBaseClockRate
                0x00003688       0x8c C:\Users\vovan\Documents\MCUXpressoIDE_11.0.0_2516\SpiniKiti\lpc_chip_15xx\Debug\liblpc_chip_15xx.a(clock_15xx.o)
                0x00003688                Chip_Clock_GetUARTBaseClockRate
 .text.Chip_Clock_SetUARTBaseClockRate
                0x00003714       0xa4 C:\Users\vovan\Documents\MCUXpressoIDE_11.0.0_2516\SpiniKiti\lpc_chip_15xx\Debug\liblpc_chip_15xx.a(clock_15xx.o)
                0x00003714                Chip_Clock_SetUARTBaseClockRate
 .text.Chip_Clock_GetSystemClockRate
                0x000037b8       0x1c C:\Users\vovan\Documents\MCUXpressoIDE_11.0.0_2516\SpiniKiti\lpc_chip_15xx\Debug\liblpc_chip_15xx.a(clock_15xx.o)
                0x000037b8                Chip_Clock_GetSystemClockRate
 .text.Chip_SYSCTL_PeriphReset
                0x000037d4       0x22 C:\Users\vovan\Documents\MCUXpressoIDE_11.0.0_2516\SpiniKiti\lpc_chip_15xx\Debug\liblpc_chip_15xx.a(gpio_15xx.o)
 .text.Chip_GPIO_Init
                0x000037f6       0x2e C:\Users\vovan\Documents\MCUXpressoIDE_11.0.0_2516\SpiniKiti\lpc_chip_15xx\Debug\liblpc_chip_15xx.a(gpio_15xx.o)
                0x000037f6                Chip_GPIO_Init
 .text.Chip_IOCON_PinMuxSet
                0x00003824       0x2c C:\Users\vovan\Documents\MCUXpressoIDE_11.0.0_2516\SpiniKiti\lpc_chip_15xx\Debug\liblpc_chip_15xx.a(iocon_15xx.o)
 .text.Chip_IOCON_SetPinMuxing
                0x00003850       0x4e C:\Users\vovan\Documents\MCUXpressoIDE_11.0.0_2516\SpiniKiti\lpc_chip_15xx\Debug\liblpc_chip_15xx.a(iocon_15xx.o)
                0x00003850                Chip_IOCON_SetPinMuxing
 *fill*         0x0000389e        0x2 ff
 .text.Chip_SWM_MovablePinAssign
                0x000038a0       0x5c C:\Users\vovan\Documents\MCUXpressoIDE_11.0.0_2516\SpiniKiti\lpc_chip_15xx\Debug\liblpc_chip_15xx.a(swm_15xx.o)
                0x000038a0                Chip_SWM_MovablePinAssign
 .text.Chip_SWM_EnableFixedPin
                0x000038fc       0x48 C:\Users\vovan\Documents\MCUXpressoIDE_11.0.0_2516\SpiniKiti\lpc_chip_15xx\Debug\liblpc_chip_15xx.a(swm_15xx.o)
                0x000038fc                Chip_SWM_EnableFixedPin
 .text.Chip_SYSCTL_AssertPeriphReset
                0x00003944       0x4c C:\Users\vovan\Documents\MCUXpressoIDE_11.0.0_2516\SpiniKiti\lpc_chip_15xx\Debug\liblpc_chip_15xx.a(sysctl_15xx.o)
                0x00003944                Chip_SYSCTL_AssertPeriphReset
 .text.Chip_SYSCTL_DeassertPeriphReset
                0x00003990       0x50 C:\Users\vovan\Documents\MCUXpressoIDE_11.0.0_2516\SpiniKiti\lpc_chip_15xx\Debug\liblpc_chip_15xx.a(sysctl_15xx.o)
                0x00003990                Chip_SYSCTL_DeassertPeriphReset
 .text.Chip_SYSCTL_PowerDown
                0x000039e0       0x40 C:\Users\vovan\Documents\MCUXpressoIDE_11.0.0_2516\SpiniKiti\lpc_chip_15xx\Debug\liblpc_chip_15xx.a(sysctl_15xx.o)
                0x000039e0                Chip_SYSCTL_PowerDown
 .text.Chip_SYSCTL_PowerUp
                0x00003a20       0x40 C:\Users\vovan\Documents\MCUXpressoIDE_11.0.0_2516\SpiniKiti\lpc_chip_15xx\Debug\liblpc_chip_15xx.a(sysctl_15xx.o)
                0x00003a20                Chip_SYSCTL_PowerUp
 .text.Chip_FMC_SetFLASHAccess
                0x00003a60       0x38 C:\Users\vovan\Documents\MCUXpressoIDE_11.0.0_2516\SpiniKiti\lpc_chip_15xx\Debug\liblpc_chip_15xx.a(sysinit_15xx.o)
 .text.Chip_Clock_SetSystemPLLSource
                0x00003a98       0x20 C:\Users\vovan\Documents\MCUXpressoIDE_11.0.0_2516\SpiniKiti\lpc_chip_15xx\Debug\liblpc_chip_15xx.a(sysinit_15xx.o)
 .text.Chip_Clock_SetupSystemPLL
                0x00003ab8       0x34 C:\Users\vovan\Documents\MCUXpressoIDE_11.0.0_2516\SpiniKiti\lpc_chip_15xx\Debug\liblpc_chip_15xx.a(sysinit_15xx.o)
 .text.Chip_Clock_IsSystemPLLLocked
                0x00003aec       0x24 C:\Users\vovan\Documents\MCUXpressoIDE_11.0.0_2516\SpiniKiti\lpc_chip_15xx\Debug\liblpc_chip_15xx.a(sysinit_15xx.o)
 .text.Chip_Clock_SetSysClockDiv
                0x00003b10       0x20 C:\Users\vovan\Documents\MCUXpressoIDE_11.0.0_2516\SpiniKiti\lpc_chip_15xx\Debug\liblpc_chip_15xx.a(sysinit_15xx.o)
 .text.Chip_SetupXtalClocking
                0x00003b30       0x6c C:\Users\vovan\Documents\MCUXpressoIDE_11.0.0_2516\SpiniKiti\lpc_chip_15xx\Debug\liblpc_chip_15xx.a(sysinit_15xx.o)
                0x00003b30                Chip_SetupXtalClocking
 .text.Chip_SYSCTL_PeriphReset
                0x00003b9c       0x22 C:\Users\vovan\Documents\MCUXpressoIDE_11.0.0_2516\SpiniKiti\lpc_chip_15xx\Debug\liblpc_chip_15xx.a(uart_15xx.o)
 *fill*         0x00003bbe        0x2 ff
 .text.getUARTClockID
                0x00003bc0       0x34 C:\Users\vovan\Documents\MCUXpressoIDE_11.0.0_2516\SpiniKiti\lpc_chip_15xx\Debug\liblpc_chip_15xx.a(uart_15xx.o)
 .text.Chip_UART_Init
                0x00003bf4       0x4c C:\Users\vovan\Documents\MCUXpressoIDE_11.0.0_2516\SpiniKiti\lpc_chip_15xx\Debug\liblpc_chip_15xx.a(uart_15xx.o)
                0x00003bf4                Chip_UART_Init
 .text.Chip_UART_SetBaud
                0x00003c40       0x2a C:\Users\vovan\Documents\MCUXpressoIDE_11.0.0_2516\SpiniKiti\lpc_chip_15xx\Debug\liblpc_chip_15xx.a(uart_15xx.o)
                0x00003c40                Chip_UART_SetBaud
 *fill*         0x00003c6a        0x2 ff
 .text          0x00003c6c       0x30 c:/nxp/mcuxpressoide_11.0.0_2516/ide/plugins/com.nxp.mcuxpresso.tools.win32_11.0.0.201905131304/tools/bin/../lib/gcc/arm-none-eabi/8.2.1/thumb/v7-m/nofp\libgcc.a(_aeabi_uldivmod.o)
                0x00003c6c                __aeabi_uldivmod
 .text          0x00003c9c      0x2d0 c:/nxp/mcuxpressoide_11.0.0_2516/ide/plugins/com.nxp.mcuxpresso.tools.win32_11.0.0.201905131304/tools/bin/../lib/gcc/arm-none-eabi/8.2.1/thumb/v7-m/nofp\libgcc.a(_udivmoddi4.o)
                0x00003c9c                __udivmoddi4
 .text          0x00003f6c        0x4 c:/nxp/mcuxpressoide_11.0.0_2516/ide/plugins/com.nxp.mcuxpresso.tools.win32_11.0.0.201905131304/tools/bin/../lib/gcc/arm-none-eabi/8.2.1/thumb/v7-m/nofp\libgcc.a(_dvmd_tls.o)
                0x00003f6c                __aeabi_idiv0
                0x00003f6c                __aeabi_ldiv0
 .text.__libc_init_array
                0x00003f70       0x48 c:/nxp/mcuxpressoide_11.0.0_2516/ide/plugins/com.nxp.mcuxpresso.tools.win32_11.0.0.201905131304/tools/bin/../lib/gcc/arm-none-eabi/8.2.1/../../../../arm-none-eabi/lib/thumb/v7-m/nofp\libc.a(lib_a-init.o)
                0x00003f70                __libc_init_array
 .text.malloc   0x00003fb8       0x10 c:/nxp/mcuxpressoide_11.0.0_2516/ide/plugins/com.nxp.mcuxpresso.tools.win32_11.0.0.201905131304/tools/bin/../lib/gcc/arm-none-eabi/8.2.1/../../../../arm-none-eabi/lib/thumb/v7-m/nofp\libc.a(lib_a-malloc.o)
                0x00003fb8                malloc
 .text.free     0x00003fc8       0x10 c:/nxp/mcuxpressoide_11.0.0_2516/ide/plugins/com.nxp.mcuxpresso.tools.win32_11.0.0.201905131304/tools/bin/../lib/gcc/arm-none-eabi/8.2.1/../../../../arm-none-eabi/lib/thumb/v7-m/nofp\libc.a(lib_a-malloc.o)
                0x00003fc8                free
 .text._malloc_r
                0x00003fd8      0x558 c:/nxp/mcuxpressoide_11.0.0_2516/ide/plugins/com.nxp.mcuxpresso.tools.win32_11.0.0.201905131304/tools/bin/../lib/gcc/arm-none-eabi/8.2.1/../../../../arm-none-eabi/lib/thumb/v7-m/nofp\libc.a(lib_a-mallocr.o)
                0x00003fd8                _malloc_r
 .text          0x00004530       0xec c:/nxp/mcuxpressoide_11.0.0_2516/ide/plugins/com.nxp.mcuxpresso.tools.win32_11.0.0.201905131304/tools/bin/../lib/gcc/arm-none-eabi/8.2.1/../../../../arm-none-eabi/lib/thumb/v7-m/nofp\libc.a(lib_a-memcpy.o)
                0x00004530                memcpy
 .text.memset   0x0000461c       0xa0 c:/nxp/mcuxpressoide_11.0.0_2516/ide/plugins/com.nxp.mcuxpresso.tools.win32_11.0.0.201905131304/tools/bin/../lib/gcc/arm-none-eabi/8.2.1/../../../../arm-none-eabi/lib/thumb/v7-m/nofp\libc.a(lib_a-memset.o)
                0x0000461c                memset
 .text.__malloc_lock
                0x000046bc        0xc c:/nxp/mcuxpressoide_11.0.0_2516/ide/plugins/com.nxp.mcuxpresso.tools.win32_11.0.0.201905131304/tools/bin/../lib/gcc/arm-none-eabi/8.2.1/../../../../arm-none-eabi/lib/thumb/v7-m/nofp\libc.a(lib_a-mlock.o)
                0x000046bc                __malloc_lock
 .text.__malloc_unlock
                0x000046c8        0xc c:/nxp/mcuxpressoide_11.0.0_2516/ide/plugins/com.nxp.mcuxpresso.tools.win32_11.0.0.201905131304/tools/bin/../lib/gcc/arm-none-eabi/8.2.1/../../../../arm-none-eabi/lib/thumb/v7-m/nofp\libc.a(lib_a-mlock.o)
                0x000046c8                __malloc_unlock
 .text.cleanup_glue
                0x000046d4       0x1c c:/nxp/mcuxpressoide_11.0.0_2516/ide/plugins/com.nxp.mcuxpresso.tools.win32_11.0.0.201905131304/tools/bin/../lib/gcc/arm-none-eabi/8.2.1/../../../../arm-none-eabi/lib/thumb/v7-m/nofp\libc.a(lib_a-reent.o)
                0x000046d4                cleanup_glue
 .text._reclaim_reent
                0x000046f0       0x88 c:/nxp/mcuxpressoide_11.0.0_2516/ide/plugins/com.nxp.mcuxpresso.tools.win32_11.0.0.201905131304/tools/bin/../lib/gcc/arm-none-eabi/8.2.1/../../../../arm-none-eabi/lib/thumb/v7-m/nofp\libc.a(lib_a-reent.o)
                0x000046f0                _reclaim_reent
 .text._sbrk_r  0x00004778       0x24 c:/nxp/mcuxpressoide_11.0.0_2516/ide/plugins/com.nxp.mcuxpresso.tools.win32_11.0.0.201905131304/tools/bin/../lib/gcc/arm-none-eabi/8.2.1/../../../../arm-none-eabi/lib/thumb/v7-m/nofp\libc.a(lib_a-sbrkr.o)
                0x00004778                _sbrk_r
 .text._malloc_trim_r
                0x0000479c       0xa0 c:/nxp/mcuxpressoide_11.0.0_2516/ide/plugins/com.nxp.mcuxpresso.tools.win32_11.0.0.201905131304/tools/bin/../lib/gcc/arm-none-eabi/8.2.1/../../../../arm-none-eabi/lib/thumb/v7-m/nofp\libc.a(lib_a-freer.o)
                0x0000479c                _malloc_trim_r
 .text._free_r  0x0000483c      0x1ec c:/nxp/mcuxpressoide_11.0.0_2516/ide/plugins/com.nxp.mcuxpresso.tools.win32_11.0.0.201905131304/tools/bin/../lib/gcc/arm-none-eabi/8.2.1/../../../../arm-none-eabi/lib/thumb/v7-m/nofp\libc.a(lib_a-freer.o)
                0x0000483c                _free_r
 .text.__retarget_lock_acquire_recursive
                0x00004a28        0x4 c:/nxp/mcuxpressoide_11.0.0_2516/ide/plugins/com.nxp.mcuxpresso.tools.win32_11.0.0.201905131304/tools/bin/../lib/gcc/arm-none-eabi/8.2.1/../../../../arm-none-eabi/lib/thumb/v7-m/nofp\libc.a(lib_a-lock.o)
                0x00004a28                __retarget_lock_acquire_recursive
 .text.__retarget_lock_release_recursive
                0x00004a2c        0x4 c:/nxp/mcuxpressoide_11.0.0_2516/ide/plugins/com.nxp.mcuxpresso.tools.win32_11.0.0.201905131304/tools/bin/../lib/gcc/arm-none-eabi/8.2.1/../../../../arm-none-eabi/lib/thumb/v7-m/nofp\libc.a(lib_a-lock.o)
                0x00004a2c                __retarget_lock_release_recursive
 .text._sbrk    0x00004a30       0x3c c:/nxp/mcuxpressoide_11.0.0_2516/ide/plugins/com.nxp.mcuxpresso.tools.win32_11.0.0.201905131304/tools/bin/../lib/gcc/arm-none-eabi/8.2.1/../../../../arm-none-eabi/lib/thumb/v7-m/nofp\libcr_newlib_nohost.a(_cr_sbrk.o)
                0x00004a30                _sbrk
 .text.__check_heap_overflow
                0x00004a6c       0x18 c:/nxp/mcuxpressoide_11.0.0_2516/ide/plugins/com.nxp.mcuxpresso.tools.win32_11.0.0.201905131304/tools/bin/../lib/gcc/arm-none-eabi/8.2.1/../../../../arm-none-eabi/lib/thumb/v7-m/nofp\libcr_newlib_nohost.a(_cr_check_heap.o)
                0x00004a6c                __check_heap_overflow
 .text          0x00004a84       0x40 c:/nxp/mcuxpressoide_11.0.0_2516/ide/plugins/com.nxp.mcuxpresso.tools.win32_11.0.0.201905131304/tools/bin/../lib/gcc/arm-none-eabi/8.2.1/thumb/v7-m/nofp\crtbegin.o
 .text.__errno  0x00004ac4        0xc c:/nxp/mcuxpressoide_11.0.0_2516/ide/plugins/com.nxp.mcuxpresso.tools.win32_11.0.0.201905131304/tools/bin/../lib/gcc/arm-none-eabi/8.2.1/../../../../arm-none-eabi/lib/thumb/v7-m/nofp\libc.a(lib_a-errno.o)
                0x00004ac4                __errno
 *(.rodata .rodata.* .constdata .constdata.*)
 .rodata.USB_DeviceDescriptor
                0x00004ad0       0x12 ./src/cdc_desc.o
                0x00004ad0                USB_DeviceDescriptor
 *fill*         0x00004ae2        0x2 ff
 .rodata.USB_StringDescriptor
                0x00004ae4       0x38 ./src/cdc_desc.o
                0x00004ae4                USB_StringDescriptor
 .rodata        0x00004b1c       0x7c ./src/cdc_main.o
 .rodata        0x00004b98       0x28 ./src/usb_cdc.o
 .rodata        0x00004bc0       0x28 C:\Users\vovan\Documents\MCUXpressoIDE_11.0.0_2516\SpiniKiti\FreeRTOS\Debug\libfreertos.a(tasks.o)
                0x00004bd8                FreeRTOSDebugConfig
 .rodata.OscRateIn
                0x00004be8        0x4 C:\Users\vovan\Documents\MCUXpressoIDE_11.0.0_2516\SpiniKiti\lpc_board_nxp_lpcxpresso_1549\Debug\liblpc_board_nxp_lpcxpresso_1549.a(board.o)
                0x00004be8                OscRateIn
 .rodata.RTCOscRateIn
                0x00004bec        0x4 C:\Users\vovan\Documents\MCUXpressoIDE_11.0.0_2516\SpiniKiti\lpc_board_nxp_lpcxpresso_1549\Debug\liblpc_board_nxp_lpcxpresso_1549.a(board.o)
                0x00004bec                RTCOscRateIn
 .rodata.ledpins
                0x00004bf0        0x3 C:\Users\vovan\Documents\MCUXpressoIDE_11.0.0_2516\SpiniKiti\lpc_board_nxp_lpcxpresso_1549\Debug\liblpc_board_nxp_lpcxpresso_1549.a(board.o)
 *fill*         0x00004bf3        0x1 ff
 .rodata.ledports
                0x00004bf4        0x3 C:\Users\vovan\Documents\MCUXpressoIDE_11.0.0_2516\SpiniKiti\lpc_board_nxp_lpcxpresso_1549\Debug\liblpc_board_nxp_lpcxpresso_1549.a(board.o)
 *fill*         0x00004bf7        0x1 ff
 .rodata.ioconSetup
                0x00004bf8       0x74 C:\Users\vovan\Documents\MCUXpressoIDE_11.0.0_2516\SpiniKiti\lpc_board_nxp_lpcxpresso_1549\Debug\liblpc_board_nxp_lpcxpresso_1549.a(board_sysinit.o)
 .rodata.swmSetup
                0x00004c6c        0x6 C:\Users\vovan\Documents\MCUXpressoIDE_11.0.0_2516\SpiniKiti\lpc_board_nxp_lpcxpresso_1549\Debug\liblpc_board_nxp_lpcxpresso_1549.a(board_sysinit.o)
                0x00004c74                . = ALIGN (0x4)
 *fill*         0x00004c72        0x2 ff
                0x00004c74                . = ALIGN (0x4)
 *(.init)
 .init          0x00004c74        0x4 c:/nxp/mcuxpressoide_11.0.0_2516/ide/plugins/com.nxp.mcuxpresso.tools.win32_11.0.0.201905131304/tools/bin/../lib/gcc/arm-none-eabi/8.2.1/thumb/v7-m/nofp\crti.o
                0x00004c74                _init
 .init          0x00004c78        0x8 c:/nxp/mcuxpressoide_11.0.0_2516/ide/plugins/com.nxp.mcuxpresso.tools.win32_11.0.0.201905131304/tools/bin/../lib/gcc/arm-none-eabi/8.2.1/thumb/v7-m/nofp\crtn.o
                0x00004c80                . = ALIGN (0x4)
                0x00004c80                __preinit_array_start = .
 *(.preinit_array)
                0x00004c80                __preinit_array_end = .
                0x00004c80                . = ALIGN (0x4)
                0x00004c80                __init_array_start = .
 *(SORT_BY_NAME(.init_array.*))
 *(.init_array)
 .init_array    0x00004c80        0x4 c:/nxp/mcuxpressoide_11.0.0_2516/ide/plugins/com.nxp.mcuxpresso.tools.win32_11.0.0.201905131304/tools/bin/../lib/gcc/arm-none-eabi/8.2.1/thumb/v7-m/nofp\crtbegin.o
                0x00004c84                __init_array_end = .
 *(.fini)
 .fini          0x00004c84        0x4 c:/nxp/mcuxpressoide_11.0.0_2516/ide/plugins/com.nxp.mcuxpresso.tools.win32_11.0.0.201905131304/tools/bin/../lib/gcc/arm-none-eabi/8.2.1/thumb/v7-m/nofp\crti.o
                0x00004c84                _fini
 .fini          0x00004c88        0x8 c:/nxp/mcuxpressoide_11.0.0_2516/ide/plugins/com.nxp.mcuxpresso.tools.win32_11.0.0.201905131304/tools/bin/../lib/gcc/arm-none-eabi/8.2.1/thumb/v7-m/nofp\crtn.o
                0x00004c90                . = ALIGN (0x4)
 *crtbegin.o(.ctors)
 *(EXCLUDE_FILE(*crtend.o) .ctors)
 *(SORT_BY_NAME(.ctors.*))
 *crtend.o(.ctors)
                0x00004c90                . = ALIGN (0x4)
 *crtbegin.o(.dtors)
 *(EXCLUDE_FILE(*crtend.o) .dtors)
 *(SORT_BY_NAME(.dtors.*))
 *crtend.o(.dtors)
                0x00004c90                . = ALIGN (0x4)

.glue_7         0x00004c90        0x0
 .glue_7        0x00004c90        0x0 linker stubs

.glue_7t        0x00004c90        0x0
 .glue_7t       0x00004c90        0x0 linker stubs

.vfp11_veneer   0x00004c90        0x0
 .vfp11_veneer  0x00004c90        0x0 linker stubs

.v4_bx          0x00004c90        0x0
 .v4_bx         0x00004c90        0x0 linker stubs

.iplt           0x00004c90        0x0
 .iplt          0x00004c90        0x0 ./src/ITM_write.o

.ARM.extab
 *(.ARM.extab* .gnu.linkonce.armextab.*)
                0x00004c90                __exidx_start = .

.ARM.exidx      0x00004c90        0x8
 *(.ARM.exidx* .gnu.linkonce.armexidx.*)
 .ARM.exidx     0x00004c90        0x8 c:/nxp/mcuxpressoide_11.0.0_2516/ide/plugins/com.nxp.mcuxpresso.tools.win32_11.0.0.201905131304/tools/bin/../lib/gcc/arm-none-eabi/8.2.1/thumb/v7-m/nofp\libgcc.a(_udivmoddi4.o)
                0x00004c98                __exidx_end = .
                0x00004c98                _etext = .

.rel.dyn        0x00004c98        0x0
 .rel.iplt      0x00004c98        0x0 ./src/ITM_write.o

.eh_frame       0x00004c98        0x0
 .eh_frame      0x00004c98        0x0 c:/nxp/mcuxpressoide_11.0.0_2516/ide/plugins/com.nxp.mcuxpresso.tools.win32_11.0.0.201905131304/tools/bin/../lib/gcc/arm-none-eabi/8.2.1/thumb/v7-m/nofp\crtbegin.o

.data_RAM2      0x02008000        0x0 load address 0x00004c98
 FILL mask 0xff
                [!provide]                PROVIDE (__start_data_RAM2 = .)
 *(.ramfunc.$RAM2)
 *(.ramfunc.$Ram2_4)
 *(.data.$RAM2)
 *(.data.$Ram2_4)
 *(.data.$RAM2.*)
 *(.data.$Ram2_4.*)
                0x02008000                . = ALIGN (0x4)
                [!provide]                PROVIDE (__end_data_RAM2 = .)

.uninit_RESERVED
                0x02000000        0x0
                0x02000000                . = ALIGN (0x4)
 *(.bss.$RESERVED*)
                0x02000000                . = ALIGN (0x4)
                0x02000000                _end_uninit_RESERVED = .

.data           0x02000000      0x890 load address 0x00004c98
 FILL mask 0xff
                0x02000000                _data = .
 *(vtable)
 *(.ramfunc*)
 *(.data*)
 .data.USB_FsConfigDescriptor
                0x02000000       0x4c ./src/cdc_desc.o
                0x02000000                USB_FsConfigDescriptor
 .data.uxCriticalNesting
                0x0200004c        0x4 C:\Users\vovan\Documents\MCUXpressoIDE_11.0.0_2516\SpiniKiti\FreeRTOS\Debug\libfreertos.a(port.o)
 .data._impure_ptr
                0x02000050        0x4 c:/nxp/mcuxpressoide_11.0.0_2516/ide/plugins/com.nxp.mcuxpresso.tools.win32_11.0.0.201905131304/tools/bin/../lib/gcc/arm-none-eabi/8.2.1/../../../../arm-none-eabi/lib/thumb/v7-m/nofp\libc.a(lib_a-impure.o)
                0x02000050                _impure_ptr
 *fill*         0x02000054        0x4 ff
 .data.impure_data
                0x02000058      0x428 c:/nxp/mcuxpressoide_11.0.0_2516/ide/plugins/com.nxp.mcuxpresso.tools.win32_11.0.0.201905131304/tools/bin/../lib/gcc/arm-none-eabi/8.2.1/../../../../arm-none-eabi/lib/thumb/v7-m/nofp\libc.a(lib_a-impure.o)
 .data.__malloc_av_
                0x02000480      0x408 c:/nxp/mcuxpressoide_11.0.0_2516/ide/plugins/com.nxp.mcuxpresso.tools.win32_11.0.0.201905131304/tools/bin/../lib/gcc/arm-none-eabi/8.2.1/../../../../arm-none-eabi/lib/thumb/v7-m/nofp\libc.a(lib_a-mallocr.o)
                0x02000480                __malloc_av_
 .data.__malloc_sbrk_base
                0x02000888        0x4 c:/nxp/mcuxpressoide_11.0.0_2516/ide/plugins/com.nxp.mcuxpresso.tools.win32_11.0.0.201905131304/tools/bin/../lib/gcc/arm-none-eabi/8.2.1/../../../../arm-none-eabi/lib/thumb/v7-m/nofp\libc.a(lib_a-mallocr.o)
                0x02000888                __malloc_sbrk_base
 .data.__malloc_trim_threshold
                0x0200088c        0x4 c:/nxp/mcuxpressoide_11.0.0_2516/ide/plugins/com.nxp.mcuxpresso.tools.win32_11.0.0.201905131304/tools/bin/../lib/gcc/arm-none-eabi/8.2.1/../../../../arm-none-eabi/lib/thumb/v7-m/nofp\libc.a(lib_a-mallocr.o)
                0x0200088c                __malloc_trim_threshold
                0x02000890                . = ALIGN (0x4)
                0x02000890                _edata = .

.igot.plt       0x02000890        0x0 load address 0x00005528
 .igot.plt      0x02000890        0x0 ./src/ITM_write.o

.bss_RAM2       0x02008000        0x0
                0x02008000                . = ALIGN (0x4)
                [!provide]                PROVIDE (__start_bss_RAM2 = .)
 *(.bss.$RAM2)
 *(.bss.$Ram2_4)
 *(.bss.$RAM2.*)
 *(.bss.$Ram2_4.*)
                0x02008000                . = ALIGN ((. != 0x0)?0x4:0x1)
                [!provide]                PROVIDE (__end_bss_RAM2 = .)

.bss            0x02000890      0x644
                0x02000890                . = ALIGN (0x4)
                0x02000890                _bss = .
 *(.bss*)
 .bss.g_hUsb    0x02000890        0x4 ./src/cdc_main.o
 .bss.g_rxBuff  0x02000894      0x400 ./src/cdc_main.o
 .bss.g_pUsbApi
                0x02000c94        0x4 ./src/cdc_main.o
                0x02000c94                g_pUsbApi
 .bss.xCDCEventSemaphore
                0x02000c98        0x4 ./src/cdc_main.o
 .bss.SendMutex
                0x02000c9c        0x4 ./src/cdc_main.o
 .bss.SendComplete
                0x02000ca0        0x4 ./src/cdc_main.o
 .bss.SendQueue
                0x02000ca4        0x4 ./src/cdc_main.o
 .bss.AllocQueue
                0x02000ca8        0x4 ./src/cdc_main.o
 .bss.ReceiveQueue
                0x02000cac        0x4 ./src/cdc_main.o
 .bss.g_vCOM    0x02000cb0       0x14 ./src/cdc_vcom.o
                0x02000cb0                g_vCOM
 .bss.xQueueRegistry
                0x02000cc4       0x50 C:\Users\vovan\Documents\MCUXpressoIDE_11.0.0_2516\SpiniKiti\FreeRTOS\Debug\libfreertos.a(queue.o)
                0x02000cc4                xQueueRegistry
 .bss.pxCurrentTCB
                0x02000d14        0x4 C:\Users\vovan\Documents\MCUXpressoIDE_11.0.0_2516\SpiniKiti\FreeRTOS\Debug\libfreertos.a(tasks.o)
                0x02000d14                pxCurrentTCB
 .bss.pxReadyTasksLists
                0x02000d18       0xa0 C:\Users\vovan\Documents\MCUXpressoIDE_11.0.0_2516\SpiniKiti\FreeRTOS\Debug\libfreertos.a(tasks.o)
 .bss.xDelayedTaskList1
                0x02000db8       0x14 C:\Users\vovan\Documents\MCUXpressoIDE_11.0.0_2516\SpiniKiti\FreeRTOS\Debug\libfreertos.a(tasks.o)
 .bss.xDelayedTaskList2
                0x02000dcc       0x14 C:\Users\vovan\Documents\MCUXpressoIDE_11.0.0_2516\SpiniKiti\FreeRTOS\Debug\libfreertos.a(tasks.o)
 .bss.pxDelayedTaskList
                0x02000de0        0x4 C:\Users\vovan\Documents\MCUXpressoIDE_11.0.0_2516\SpiniKiti\FreeRTOS\Debug\libfreertos.a(tasks.o)
 .bss.pxOverflowDelayedTaskList
                0x02000de4        0x4 C:\Users\vovan\Documents\MCUXpressoIDE_11.0.0_2516\SpiniKiti\FreeRTOS\Debug\libfreertos.a(tasks.o)
 .bss.xPendingReadyList
                0x02000de8       0x14 C:\Users\vovan\Documents\MCUXpressoIDE_11.0.0_2516\SpiniKiti\FreeRTOS\Debug\libfreertos.a(tasks.o)
 .bss.xTasksWaitingTermination
                0x02000dfc       0x14 C:\Users\vovan\Documents\MCUXpressoIDE_11.0.0_2516\SpiniKiti\FreeRTOS\Debug\libfreertos.a(tasks.o)
 .bss.uxDeletedTasksWaitingCleanUp
                0x02000e10        0x4 C:\Users\vovan\Documents\MCUXpressoIDE_11.0.0_2516\SpiniKiti\FreeRTOS\Debug\libfreertos.a(tasks.o)
 .bss.xSuspendedTaskList
                0x02000e14       0x14 C:\Users\vovan\Documents\MCUXpressoIDE_11.0.0_2516\SpiniKiti\FreeRTOS\Debug\libfreertos.a(tasks.o)
 .bss.uxCurrentNumberOfTasks
                0x02000e28        0x4 C:\Users\vovan\Documents\MCUXpressoIDE_11.0.0_2516\SpiniKiti\FreeRTOS\Debug\libfreertos.a(tasks.o)
 .bss.xTickCount
                0x02000e2c        0x4 C:\Users\vovan\Documents\MCUXpressoIDE_11.0.0_2516\SpiniKiti\FreeRTOS\Debug\libfreertos.a(tasks.o)
 .bss.uxTopReadyPriority
                0x02000e30        0x4 C:\Users\vovan\Documents\MCUXpressoIDE_11.0.0_2516\SpiniKiti\FreeRTOS\Debug\libfreertos.a(tasks.o)
 .bss.xSchedulerRunning
                0x02000e34        0x4 C:\Users\vovan\Documents\MCUXpressoIDE_11.0.0_2516\SpiniKiti\FreeRTOS\Debug\libfreertos.a(tasks.o)
 .bss.uxPendedTicks
                0x02000e38        0x4 C:\Users\vovan\Documents\MCUXpressoIDE_11.0.0_2516\SpiniKiti\FreeRTOS\Debug\libfreertos.a(tasks.o)
 .bss.xYieldPending
                0x02000e3c        0x4 C:\Users\vovan\Documents\MCUXpressoIDE_11.0.0_2516\SpiniKiti\FreeRTOS\Debug\libfreertos.a(tasks.o)
 .bss.xNumOfOverflows
                0x02000e40        0x4 C:\Users\vovan\Documents\MCUXpressoIDE_11.0.0_2516\SpiniKiti\FreeRTOS\Debug\libfreertos.a(tasks.o)
 .bss.uxTaskNumber
                0x02000e44        0x4 C:\Users\vovan\Documents\MCUXpressoIDE_11.0.0_2516\SpiniKiti\FreeRTOS\Debug\libfreertos.a(tasks.o)
 .bss.xNextTaskUnblockTime
                0x02000e48        0x4 C:\Users\vovan\Documents\MCUXpressoIDE_11.0.0_2516\SpiniKiti\FreeRTOS\Debug\libfreertos.a(tasks.o)
 .bss.xIdleTaskHandle
                0x02000e4c        0x4 C:\Users\vovan\Documents\MCUXpressoIDE_11.0.0_2516\SpiniKiti\FreeRTOS\Debug\libfreertos.a(tasks.o)
 .bss.uxSchedulerSuspended
                0x02000e50        0x4 C:\Users\vovan\Documents\MCUXpressoIDE_11.0.0_2516\SpiniKiti\FreeRTOS\Debug\libfreertos.a(tasks.o)
 .bss.__malloc_current_mallinfo
                0x02000e54       0x28 c:/nxp/mcuxpressoide_11.0.0_2516/ide/plugins/com.nxp.mcuxpresso.tools.win32_11.0.0.201905131304/tools/bin/../lib/gcc/arm-none-eabi/8.2.1/../../../../arm-none-eabi/lib/thumb/v7-m/nofp\libc.a(lib_a-mallocr.o)
                0x02000e54                __malloc_current_mallinfo
 .bss.__malloc_max_sbrked_mem
                0x02000e7c        0x4 c:/nxp/mcuxpressoide_11.0.0_2516/ide/plugins/com.nxp.mcuxpresso.tools.win32_11.0.0.201905131304/tools/bin/../lib/gcc/arm-none-eabi/8.2.1/../../../../arm-none-eabi/lib/thumb/v7-m/nofp\libc.a(lib_a-mallocr.o)
                0x02000e7c                __malloc_max_sbrked_mem
 .bss.__malloc_max_total_mem
                0x02000e80        0x4 c:/nxp/mcuxpressoide_11.0.0_2516/ide/plugins/com.nxp.mcuxpresso.tools.win32_11.0.0.201905131304/tools/bin/../lib/gcc/arm-none-eabi/8.2.1/../../../../arm-none-eabi/lib/thumb/v7-m/nofp\libc.a(lib_a-mallocr.o)
                0x02000e80                __malloc_max_total_mem
 .bss.__malloc_top_pad
                0x02000e84        0x4 c:/nxp/mcuxpressoide_11.0.0_2516/ide/plugins/com.nxp.mcuxpresso.tools.win32_11.0.0.201905131304/tools/bin/../lib/gcc/arm-none-eabi/8.2.1/../../../../arm-none-eabi/lib/thumb/v7-m/nofp\libc.a(lib_a-mallocr.o)
                0x02000e84                __malloc_top_pad
 .bss.__end_of_heap
                0x02000e88        0x4 c:/nxp/mcuxpressoide_11.0.0_2516/ide/plugins/com.nxp.mcuxpresso.tools.win32_11.0.0.201905131304/tools/bin/../lib/gcc/arm-none-eabi/8.2.1/../../../../arm-none-eabi/lib/thumb/v7-m/nofp\libcr_newlib_nohost.a(_cr_sbrk.o)
                0x02000e88                __end_of_heap
 .bss           0x02000e8c       0x1c c:/nxp/mcuxpressoide_11.0.0_2516/ide/plugins/com.nxp.mcuxpresso.tools.win32_11.0.0.201905131304/tools/bin/../lib/gcc/arm-none-eabi/8.2.1/thumb/v7-m/nofp\crtbegin.o
 *(COMMON)
 COMMON         0x02000ea8        0x4 C:\Users\vovan\Documents\MCUXpressoIDE_11.0.0_2516\SpiniKiti\lpc_chip_15xx\Debug\liblpc_chip_15xx.a(chip_15xx.o)
                0x02000ea8                SystemCoreClock
 COMMON         0x02000eac        0x4 c:/nxp/mcuxpressoide_11.0.0_2516/ide/plugins/com.nxp.mcuxpresso.tools.win32_11.0.0.201905131304/tools/bin/../lib/gcc/arm-none-eabi/8.2.1/../../../../arm-none-eabi/lib/thumb/v7-m/nofp\libc.a(lib_a-reent.o)
                0x02000eac                errno
 COMMON         0x02000eb0       0x21 c:/nxp/mcuxpressoide_11.0.0_2516/ide/plugins/com.nxp.mcuxpresso.tools.win32_11.0.0.201905131304/tools/bin/../lib/gcc/arm-none-eabi/8.2.1/../../../../arm-none-eabi/lib/thumb/v7-m/nofp\libc.a(lib_a-lock.o)
                0x02000eb0                __lock___atexit_recursive_mutex
                0x02000eb4                __lock___arc4random_mutex
                0x02000eb8                __lock___env_recursive_mutex
                0x02000ebc                __lock___sinit_recursive_mutex
                0x02000ec0                __lock___malloc_recursive_mutex
                0x02000ec4                __lock___at_quick_exit_mutex
                0x02000ec8                __lock___dd_hash_mutex
                0x02000ecc                __lock___tz_mutex
                0x02000ed0                __lock___sfp_recursive_mutex
                0x02000ed4                . = ALIGN (0x4)
 *fill*         0x02000ed1        0x3 
                0x02000ed4                _ebss = .
                [!provide]                PROVIDE (end = .)

.noinit_RAM2    0x02008000        0x0
                0x02008000                . = ALIGN (0x4)
 *(.noinit.$RAM2)
 *(.noinit.$Ram2_4)
 *(.noinit.$RAM2.*)
 *(.noinit.$Ram2_4.*)
                0x02008000                . = ALIGN (0x4)

.noinit         0x02000ed4        0x0
                0x02000ed4                . = ALIGN (0x4)
                0x02000ed4                _noinit = .
 *(.noinit*)
                0x02000ed4                . = ALIGN (0x4)
                0x02000ed4                _end_noinit = .
                0x02000ed4                PROVIDE (_pvHeapStart = DEFINED (__user_heap_base)?__user_heap_base:.)
                0x02008000                PROVIDE (_vStackTop = DEFINED (__user_stack_top)?__user_stack_top:(__top_Ram0_16_32 - 0x0))
                0xfdff735a                PROVIDE (__valid_user_code_checksum = (0x0 - ((((((_vStackTop + (ResetISR + 0x1)) + (NMI_Handler + 0x1)) + (HardFault_Handler + 0x1)) + (DEFINED (MemManage_Handler)?MemManage_Handler:0x0 + 0x1)) + (DEFINED (BusFault_Handler)?BusFault_Handler:0x0 + 0x1)) + (DEFINED (UsageFault_Handler)?UsageFault_Handler:0x0 + 0x1))))
                0x00000000                _image_start = LOADADDR (.text)
                0x00005528                _image_end = (LOADADDR (.data) + SIZEOF (.data))
                0x00005528                _image_size = (_image_end - _image_start)
OUTPUT(usb_cdc.axf elf32-littlearm)

.debug_info     0x00000000    0x1e6fe
 .debug_info    0x00000000      0x3c9 ./src/ITM_write.o
 .debug_info    0x000003c9     0x16e1 ./src/cdc_desc.o
 .debug_info    0x00001aaa     0x3d4f ./src/cdc_main.o
 .debug_info    0x000057f9     0x2804 ./src/cdc_vcom.o
 .debug_info    0x00007ffd      0x2a0 ./src/cr_startup_lpc15xx.o
 .debug_info    0x0000829d      0x9fc ./src/sysinit.o
 .debug_info    0x00008c99     0x6759 ./src/usb_cdc.o
 .debug_info    0x0000f3f2     0x1c82 C:\Users\vovan\Documents\MCUXpressoIDE_11.0.0_2516\SpiniKiti\FreeRTOS\Debug\libfreertos.a(queue.o)
 .debug_info    0x00011074     0x27d3 C:\Users\vovan\Documents\MCUXpressoIDE_11.0.0_2516\SpiniKiti\FreeRTOS\Debug\libfreertos.a(tasks.o)
 .debug_info    0x00013847      0xa6e C:\Users\vovan\Documents\MCUXpressoIDE_11.0.0_2516\SpiniKiti\FreeRTOS\Debug\libfreertos.a(heap_3.o)
 .debug_info    0x000142b5      0xd53 C:\Users\vovan\Documents\MCUXpressoIDE_11.0.0_2516\SpiniKiti\FreeRTOS\Debug\libfreertos.a(port.o)
 .debug_info    0x00015008      0xb30 C:\Users\vovan\Documents\MCUXpressoIDE_11.0.0_2516\SpiniKiti\FreeRTOS\Debug\libfreertos.a(FreeRTOSCommonHooks.o)
 .debug_info    0x00015b38      0xc2f C:\Users\vovan\Documents\MCUXpressoIDE_11.0.0_2516\SpiniKiti\FreeRTOS\Debug\libfreertos.a(list.o)
 .debug_info    0x00016767     0x145c C:\Users\vovan\Documents\MCUXpressoIDE_11.0.0_2516\SpiniKiti\lpc_board_nxp_lpcxpresso_1549\Debug\liblpc_board_nxp_lpcxpresso_1549.a(board.o)
 .debug_info    0x00017bc3     0x1606 C:\Users\vovan\Documents\MCUXpressoIDE_11.0.0_2516\SpiniKiti\lpc_board_nxp_lpcxpresso_1549\Debug\liblpc_board_nxp_lpcxpresso_1549.a(board_sysinit.o)
 .debug_info    0x000191c9      0x87c C:\Users\vovan\Documents\MCUXpressoIDE_11.0.0_2516\SpiniKiti\lpc_chip_15xx\Debug\liblpc_chip_15xx.a(adc_15xx.o)
 .debug_info    0x00019a45      0xa44 C:\Users\vovan\Documents\MCUXpressoIDE_11.0.0_2516\SpiniKiti\lpc_chip_15xx\Debug\liblpc_chip_15xx.a(chip_15xx.o)
 .debug_info    0x0001a489      0xe46 C:\Users\vovan\Documents\MCUXpressoIDE_11.0.0_2516\SpiniKiti\lpc_chip_15xx\Debug\liblpc_chip_15xx.a(clock_15xx.o)
 .debug_info    0x0001b2cf      0x6d1 C:\Users\vovan\Documents\MCUXpressoIDE_11.0.0_2516\SpiniKiti\lpc_chip_15xx\Debug\liblpc_chip_15xx.a(gpio_15xx.o)
 .debug_info    0x0001b9a0      0x29c C:\Users\vovan\Documents\MCUXpressoIDE_11.0.0_2516\SpiniKiti\lpc_chip_15xx\Debug\liblpc_chip_15xx.a(iocon_15xx.o)
 .debug_info    0x0001bc3c      0x69b C:\Users\vovan\Documents\MCUXpressoIDE_11.0.0_2516\SpiniKiti\lpc_chip_15xx\Debug\liblpc_chip_15xx.a(swm_15xx.o)
 .debug_info    0x0001c2d7      0x802 C:\Users\vovan\Documents\MCUXpressoIDE_11.0.0_2516\SpiniKiti\lpc_chip_15xx\Debug\liblpc_chip_15xx.a(sysctl_15xx.o)
 .debug_info    0x0001cad9      0x7ee C:\Users\vovan\Documents\MCUXpressoIDE_11.0.0_2516\SpiniKiti\lpc_chip_15xx\Debug\liblpc_chip_15xx.a(sysinit_15xx.o)
 .debug_info    0x0001d2c7      0x9ce C:\Users\vovan\Documents\MCUXpressoIDE_11.0.0_2516\SpiniKiti\lpc_chip_15xx\Debug\liblpc_chip_15xx.a(uart_15xx.o)
 .debug_info    0x0001dc95      0x9f8 c:/nxp/mcuxpressoide_11.0.0_2516/ide/plugins/com.nxp.mcuxpresso.tools.win32_11.0.0.201905131304/tools/bin/../lib/gcc/arm-none-eabi/8.2.1/../../../../arm-none-eabi/lib/thumb/v7-m/nofp\libcr_newlib_nohost.a(_cr_sbrk.o)
 .debug_info    0x0001e68d       0x71 c:/nxp/mcuxpressoide_11.0.0_2516/ide/plugins/com.nxp.mcuxpresso.tools.win32_11.0.0.201905131304/tools/bin/../lib/gcc/arm-none-eabi/8.2.1/../../../../arm-none-eabi/lib/thumb/v7-m/nofp\libcr_newlib_nohost.a(_cr_check_heap.o)

.debug_abbrev   0x00000000     0x42cf
 .debug_abbrev  0x00000000      0x14c ./src/ITM_write.o
 .debug_abbrev  0x0000014c      0x18a ./src/cdc_desc.o
 .debug_abbrev  0x000002d6      0x3b4 ./src/cdc_main.o
 .debug_abbrev  0x0000068a      0x388 ./src/cdc_vcom.o
 .debug_abbrev  0x00000a12      0x11a ./src/cr_startup_lpc15xx.o
 .debug_abbrev  0x00000b2c      0x1d9 ./src/sysinit.o
 .debug_abbrev  0x00000d05      0x9c5 ./src/usb_cdc.o
 .debug_abbrev  0x000016ca      0x3a9 C:\Users\vovan\Documents\MCUXpressoIDE_11.0.0_2516\SpiniKiti\FreeRTOS\Debug\libfreertos.a(queue.o)
 .debug_abbrev  0x00001a73      0x3ec C:\Users\vovan\Documents\MCUXpressoIDE_11.0.0_2516\SpiniKiti\FreeRTOS\Debug\libfreertos.a(tasks.o)
 .debug_abbrev  0x00001e5f      0x246 C:\Users\vovan\Documents\MCUXpressoIDE_11.0.0_2516\SpiniKiti\FreeRTOS\Debug\libfreertos.a(heap_3.o)
 .debug_abbrev  0x000020a5      0x367 C:\Users\vovan\Documents\MCUXpressoIDE_11.0.0_2516\SpiniKiti\FreeRTOS\Debug\libfreertos.a(port.o)
 .debug_abbrev  0x0000240c      0x2ab C:\Users\vovan\Documents\MCUXpressoIDE_11.0.0_2516\SpiniKiti\FreeRTOS\Debug\libfreertos.a(FreeRTOSCommonHooks.o)
 .debug_abbrev  0x000026b7      0x235 C:\Users\vovan\Documents\MCUXpressoIDE_11.0.0_2516\SpiniKiti\FreeRTOS\Debug\libfreertos.a(list.o)
 .debug_abbrev  0x000028ec      0x379 C:\Users\vovan\Documents\MCUXpressoIDE_11.0.0_2516\SpiniKiti\lpc_board_nxp_lpcxpresso_1549\Debug\liblpc_board_nxp_lpcxpresso_1549.a(board.o)
 .debug_abbrev  0x00002c65      0x344 C:\Users\vovan\Documents\MCUXpressoIDE_11.0.0_2516\SpiniKiti\lpc_board_nxp_lpcxpresso_1549\Debug\liblpc_board_nxp_lpcxpresso_1549.a(board_sysinit.o)
 .debug_abbrev  0x00002fa9      0x1bd C:\Users\vovan\Documents\MCUXpressoIDE_11.0.0_2516\SpiniKiti\lpc_chip_15xx\Debug\liblpc_chip_15xx.a(adc_15xx.o)
 .debug_abbrev  0x00003166      0x1ea C:\Users\vovan\Documents\MCUXpressoIDE_11.0.0_2516\SpiniKiti\lpc_chip_15xx\Debug\liblpc_chip_15xx.a(chip_15xx.o)
 .debug_abbrev  0x00003350      0x2e8 C:\Users\vovan\Documents\MCUXpressoIDE_11.0.0_2516\SpiniKiti\lpc_chip_15xx\Debug\liblpc_chip_15xx.a(clock_15xx.o)
 .debug_abbrev  0x00003638      0x1aa C:\Users\vovan\Documents\MCUXpressoIDE_11.0.0_2516\SpiniKiti\lpc_chip_15xx\Debug\liblpc_chip_15xx.a(gpio_15xx.o)
 .debug_abbrev  0x000037e2      0x160 C:\Users\vovan\Documents\MCUXpressoIDE_11.0.0_2516\SpiniKiti\lpc_chip_15xx\Debug\liblpc_chip_15xx.a(iocon_15xx.o)
 .debug_abbrev  0x00003942      0x183 C:\Users\vovan\Documents\MCUXpressoIDE_11.0.0_2516\SpiniKiti\lpc_chip_15xx\Debug\liblpc_chip_15xx.a(swm_15xx.o)
 .debug_abbrev  0x00003ac5      0x154 C:\Users\vovan\Documents\MCUXpressoIDE_11.0.0_2516\SpiniKiti\lpc_chip_15xx\Debug\liblpc_chip_15xx.a(sysctl_15xx.o)
 .debug_abbrev  0x00003c19      0x1dd C:\Users\vovan\Documents\MCUXpressoIDE_11.0.0_2516\SpiniKiti\lpc_chip_15xx\Debug\liblpc_chip_15xx.a(sysinit_15xx.o)
 .debug_abbrev  0x00003df6      0x224 C:\Users\vovan\Documents\MCUXpressoIDE_11.0.0_2516\SpiniKiti\lpc_chip_15xx\Debug\liblpc_chip_15xx.a(uart_15xx.o)
 .debug_abbrev  0x0000401a      0x24a c:/nxp/mcuxpressoide_11.0.0_2516/ide/plugins/com.nxp.mcuxpresso.tools.win32_11.0.0.201905131304/tools/bin/../lib/gcc/arm-none-eabi/8.2.1/../../../../arm-none-eabi/lib/thumb/v7-m/nofp\libcr_newlib_nohost.a(_cr_sbrk.o)
 .debug_abbrev  0x00004264       0x6b c:/nxp/mcuxpressoide_11.0.0_2516/ide/plugins/com.nxp.mcuxpresso.tools.win32_11.0.0.201905131304/tools/bin/../lib/gcc/arm-none-eabi/8.2.1/../../../../arm-none-eabi/lib/thumb/v7-m/nofp\libcr_newlib_nohost.a(_cr_check_heap.o)

.debug_aranges  0x00000000      0xc58
 .debug_aranges
                0x00000000       0x30 ./src/ITM_write.o
 .debug_aranges
                0x00000030       0x18 ./src/cdc_desc.o
 .debug_aranges
                0x00000048       0x58 ./src/cdc_main.o
 .debug_aranges
                0x000000a0       0x68 ./src/cdc_vcom.o
 .debug_aranges
                0x00000108       0x80 ./src/cr_startup_lpc15xx.o
 .debug_aranges
                0x00000188       0x20 ./src/sysinit.o
 .debug_aranges
                0x000001a8       0xb0 ./src/usb_cdc.o
 .debug_aranges
                0x00000258      0x128 C:\Users\vovan\Documents\MCUXpressoIDE_11.0.0_2516\SpiniKiti\FreeRTOS\Debug\libfreertos.a(queue.o)
 .debug_aranges
                0x00000380      0x1f0 C:\Users\vovan\Documents\MCUXpressoIDE_11.0.0_2516\SpiniKiti\FreeRTOS\Debug\libfreertos.a(tasks.o)
 .debug_aranges
                0x00000570       0x28 C:\Users\vovan\Documents\MCUXpressoIDE_11.0.0_2516\SpiniKiti\FreeRTOS\Debug\libfreertos.a(heap_3.o)
 .debug_aranges
                0x00000598       0x70 C:\Users\vovan\Documents\MCUXpressoIDE_11.0.0_2516\SpiniKiti\FreeRTOS\Debug\libfreertos.a(port.o)
 .debug_aranges
                0x00000608       0x40 C:\Users\vovan\Documents\MCUXpressoIDE_11.0.0_2516\SpiniKiti\FreeRTOS\Debug\libfreertos.a(FreeRTOSCommonHooks.o)
 .debug_aranges
                0x00000648       0x40 C:\Users\vovan\Documents\MCUXpressoIDE_11.0.0_2516\SpiniKiti\FreeRTOS\Debug\libfreertos.a(list.o)
 .debug_aranges
                0x00000688       0xd0 C:\Users\vovan\Documents\MCUXpressoIDE_11.0.0_2516\SpiniKiti\lpc_board_nxp_lpcxpresso_1549\Debug\liblpc_board_nxp_lpcxpresso_1549.a(board.o)
 .debug_aranges
                0x00000758       0x60 C:\Users\vovan\Documents\MCUXpressoIDE_11.0.0_2516\SpiniKiti\lpc_board_nxp_lpcxpresso_1549\Debug\liblpc_board_nxp_lpcxpresso_1549.a(board_sysinit.o)
 .debug_aranges
                0x000007b8       0xa0 C:\Users\vovan\Documents\MCUXpressoIDE_11.0.0_2516\SpiniKiti\lpc_chip_15xx\Debug\liblpc_chip_15xx.a(adc_15xx.o)
 .debug_aranges
                0x00000858       0x50 C:\Users\vovan\Documents\MCUXpressoIDE_11.0.0_2516\SpiniKiti\lpc_chip_15xx\Debug\liblpc_chip_15xx.a(chip_15xx.o)
 .debug_aranges
                0x000008a8      0x128 C:\Users\vovan\Documents\MCUXpressoIDE_11.0.0_2516\SpiniKiti\lpc_chip_15xx\Debug\liblpc_chip_15xx.a(clock_15xx.o)
 .debug_aranges
                0x000009d0       0x70 C:\Users\vovan\Documents\MCUXpressoIDE_11.0.0_2516\SpiniKiti\lpc_chip_15xx\Debug\liblpc_chip_15xx.a(gpio_15xx.o)
 .debug_aranges
                0x00000a40       0x28 C:\Users\vovan\Documents\MCUXpressoIDE_11.0.0_2516\SpiniKiti\lpc_chip_15xx\Debug\liblpc_chip_15xx.a(iocon_15xx.o)
 .debug_aranges
                0x00000a68       0x40 C:\Users\vovan\Documents\MCUXpressoIDE_11.0.0_2516\SpiniKiti\lpc_chip_15xx\Debug\liblpc_chip_15xx.a(swm_15xx.o)
 .debug_aranges
                0x00000aa8       0x50 C:\Users\vovan\Documents\MCUXpressoIDE_11.0.0_2516\SpiniKiti\lpc_chip_15xx\Debug\liblpc_chip_15xx.a(sysctl_15xx.o)
 .debug_aranges
                0x00000af8       0x58 C:\Users\vovan\Documents\MCUXpressoIDE_11.0.0_2516\SpiniKiti\lpc_chip_15xx\Debug\liblpc_chip_15xx.a(sysinit_15xx.o)
 .debug_aranges
                0x00000b50       0xc8 C:\Users\vovan\Documents\MCUXpressoIDE_11.0.0_2516\SpiniKiti\lpc_chip_15xx\Debug\liblpc_chip_15xx.a(uart_15xx.o)
 .debug_aranges
                0x00000c18       0x20 c:/nxp/mcuxpressoide_11.0.0_2516/ide/plugins/com.nxp.mcuxpresso.tools.win32_11.0.0.201905131304/tools/bin/../lib/gcc/arm-none-eabi/8.2.1/../../../../arm-none-eabi/lib/thumb/v7-m/nofp\libcr_newlib_nohost.a(_cr_sbrk.o)
 .debug_aranges
                0x00000c38       0x20 c:/nxp/mcuxpressoide_11.0.0_2516/ide/plugins/com.nxp.mcuxpresso.tools.win32_11.0.0.201905131304/tools/bin/../lib/gcc/arm-none-eabi/8.2.1/../../../../arm-none-eabi/lib/thumb/v7-m/nofp\libcr_newlib_nohost.a(_cr_check_heap.o)

.debug_ranges   0x00000000      0xac8
 .debug_ranges  0x00000000       0x20 ./src/ITM_write.o
 .debug_ranges  0x00000020       0x48 ./src/cdc_main.o
 .debug_ranges  0x00000068       0x58 ./src/cdc_vcom.o
 .debug_ranges  0x000000c0       0x70 ./src/cr_startup_lpc15xx.o
 .debug_ranges  0x00000130       0x10 ./src/sysinit.o
 .debug_ranges  0x00000140       0xa0 ./src/usb_cdc.o
 .debug_ranges  0x000001e0      0x118 C:\Users\vovan\Documents\MCUXpressoIDE_11.0.0_2516\SpiniKiti\FreeRTOS\Debug\libfreertos.a(queue.o)
 .debug_ranges  0x000002f8      0x1e0 C:\Users\vovan\Documents\MCUXpressoIDE_11.0.0_2516\SpiniKiti\FreeRTOS\Debug\libfreertos.a(tasks.o)
 .debug_ranges  0x000004d8       0x18 C:\Users\vovan\Documents\MCUXpressoIDE_11.0.0_2516\SpiniKiti\FreeRTOS\Debug\libfreertos.a(heap_3.o)
 .debug_ranges  0x000004f0       0x60 C:\Users\vovan\Documents\MCUXpressoIDE_11.0.0_2516\SpiniKiti\FreeRTOS\Debug\libfreertos.a(port.o)
 .debug_ranges  0x00000550       0x30 C:\Users\vovan\Documents\MCUXpressoIDE_11.0.0_2516\SpiniKiti\FreeRTOS\Debug\libfreertos.a(FreeRTOSCommonHooks.o)
 .debug_ranges  0x00000580       0x30 C:\Users\vovan\Documents\MCUXpressoIDE_11.0.0_2516\SpiniKiti\FreeRTOS\Debug\libfreertos.a(list.o)
 .debug_ranges  0x000005b0       0xd8 C:\Users\vovan\Documents\MCUXpressoIDE_11.0.0_2516\SpiniKiti\lpc_board_nxp_lpcxpresso_1549\Debug\liblpc_board_nxp_lpcxpresso_1549.a(board.o)
 .debug_ranges  0x00000688       0x50 C:\Users\vovan\Documents\MCUXpressoIDE_11.0.0_2516\SpiniKiti\lpc_board_nxp_lpcxpresso_1549\Debug\liblpc_board_nxp_lpcxpresso_1549.a(board_sysinit.o)
 .debug_ranges  0x000006d8       0x90 C:\Users\vovan\Documents\MCUXpressoIDE_11.0.0_2516\SpiniKiti\lpc_chip_15xx\Debug\liblpc_chip_15xx.a(adc_15xx.o)
 .debug_ranges  0x00000768       0x40 C:\Users\vovan\Documents\MCUXpressoIDE_11.0.0_2516\SpiniKiti\lpc_chip_15xx\Debug\liblpc_chip_15xx.a(chip_15xx.o)
 .debug_ranges  0x000007a8      0x118 C:\Users\vovan\Documents\MCUXpressoIDE_11.0.0_2516\SpiniKiti\lpc_chip_15xx\Debug\liblpc_chip_15xx.a(clock_15xx.o)
 .debug_ranges  0x000008c0       0x60 C:\Users\vovan\Documents\MCUXpressoIDE_11.0.0_2516\SpiniKiti\lpc_chip_15xx\Debug\liblpc_chip_15xx.a(gpio_15xx.o)
 .debug_ranges  0x00000920       0x18 C:\Users\vovan\Documents\MCUXpressoIDE_11.0.0_2516\SpiniKiti\lpc_chip_15xx\Debug\liblpc_chip_15xx.a(iocon_15xx.o)
 .debug_ranges  0x00000938       0x30 C:\Users\vovan\Documents\MCUXpressoIDE_11.0.0_2516\SpiniKiti\lpc_chip_15xx\Debug\liblpc_chip_15xx.a(swm_15xx.o)
 .debug_ranges  0x00000968       0x40 C:\Users\vovan\Documents\MCUXpressoIDE_11.0.0_2516\SpiniKiti\lpc_chip_15xx\Debug\liblpc_chip_15xx.a(sysctl_15xx.o)
 .debug_ranges  0x000009a8       0x48 C:\Users\vovan\Documents\MCUXpressoIDE_11.0.0_2516\SpiniKiti\lpc_chip_15xx\Debug\liblpc_chip_15xx.a(sysinit_15xx.o)
 .debug_ranges  0x000009f0       0xb8 C:\Users\vovan\Documents\MCUXpressoIDE_11.0.0_2516\SpiniKiti\lpc_chip_15xx\Debug\liblpc_chip_15xx.a(uart_15xx.o)
 .debug_ranges  0x00000aa8       0x10 c:/nxp/mcuxpressoide_11.0.0_2516/ide/plugins/com.nxp.mcuxpresso.tools.win32_11.0.0.201905131304/tools/bin/../lib/gcc/arm-none-eabi/8.2.1/../../../../arm-none-eabi/lib/thumb/v7-m/nofp\libcr_newlib_nohost.a(_cr_sbrk.o)
 .debug_ranges  0x00000ab8       0x10 c:/nxp/mcuxpressoide_11.0.0_2516/ide/plugins/com.nxp.mcuxpresso.tools.win32_11.0.0.201905131304/tools/bin/../lib/gcc/arm-none-eabi/8.2.1/../../../../arm-none-eabi/lib/thumb/v7-m/nofp\libcr_newlib_nohost.a(_cr_check_heap.o)

.debug_macro    0x00000000     0xab68
 .debug_macro   0x00000000      0x2a0 ./src/ITM_write.o
 .debug_macro   0x000002a0      0xaa8 ./src/ITM_write.o
 .debug_macro   0x00000d48       0x8e ./src/ITM_write.o
 .debug_macro   0x00000dd6       0x22 ./src/ITM_write.o
 .debug_macro   0x00000df8       0x7b ./src/ITM_write.o
 .debug_macro   0x00000e73      0xa7d ./src/ITM_write.o
 .debug_macro   0x000018f0       0x18 ./src/ITM_write.o
 .debug_macro   0x00001908      0x11c ./src/cdc_desc.o
 .debug_macro   0x00001a24      0x26c ./src/cdc_desc.o
 .debug_macro   0x00001c90       0x58 ./src/cdc_desc.o
 .debug_macro   0x00001ce8       0x12 ./src/cdc_desc.o
 .debug_macro   0x00001cfa       0xfa ./src/cdc_desc.o
 .debug_macro   0x00001df4       0xee ./src/cdc_desc.o
 .debug_macro   0x00001ee2      0x69a ./src/cdc_desc.o
 .debug_macro   0x0000257c      0x272 ./src/cdc_desc.o
 .debug_macro   0x000027ee       0x10 ./src/cdc_desc.o
 .debug_macro   0x000027fe      0x566 ./src/cdc_main.o
 .debug_macro   0x00002d64       0x34 ./src/cdc_main.o
 .debug_macro   0x00002d98       0x97 ./src/cdc_main.o
 .debug_macro   0x00002e2f      0x339 ./src/cdc_main.o
 .debug_macro   0x00003168       0xfd ./src/cdc_main.o
 .debug_macro   0x00003265       0x43 ./src/cdc_main.o
 .debug_macro   0x000032a8       0x1c ./src/cdc_main.o
 .debug_macro   0x000032c4       0x52 ./src/cdc_main.o
 .debug_macro   0x00003316       0x40 ./src/cdc_main.o
 .debug_macro   0x00003356       0x10 ./src/cdc_main.o
 .debug_macro   0x00003366       0x40 ./src/cdc_main.o
 .debug_macro   0x000033a6       0xd7 ./src/cdc_main.o
 .debug_macro   0x0000347d       0x1c ./src/cdc_main.o
 .debug_macro   0x00003499       0x3d ./src/cdc_main.o
 .debug_macro   0x000034d6      0x16f ./src/cdc_main.o
 .debug_macro   0x00003645       0x16 ./src/cdc_main.o
 .debug_macro   0x0000365b       0x35 ./src/cdc_main.o
 .debug_macro   0x00003690       0x2e ./src/cdc_main.o
 .debug_macro   0x000036be      0x12c ./src/cdc_main.o
 .debug_macro   0x000037ea       0x16 ./src/cdc_main.o
 .debug_macro   0x00003800      0x4b1 ./src/cdc_vcom.o
 .debug_macro   0x00003cb1       0x58 ./src/cdc_vcom.o
 .debug_macro   0x00003d09       0x94 ./src/cdc_vcom.o
 .debug_macro   0x00003d9d      0x174 ./src/cdc_vcom.o
 .debug_macro   0x00003f11       0x57 ./src/cdc_vcom.o
 .debug_macro   0x00003f68       0x10 ./src/cdc_vcom.o
 .debug_macro   0x00003f78       0x1c ./src/cdc_vcom.o
 .debug_macro   0x00003f94       0x23 ./src/cr_startup_lpc15xx.o
 .debug_macro   0x00003fb7      0x3dd ./src/sysinit.o
 .debug_macro   0x00004394      0x8d3 ./src/usb_cdc.o
 .debug_macro   0x00004c67       0x97 ./src/usb_cdc.o
 .debug_macro   0x00004cfe      0x104 ./src/usb_cdc.o
 .debug_macro   0x00004e02       0x82 ./src/usb_cdc.o
 .debug_macro   0x00004e84       0x28 ./src/usb_cdc.o
 .debug_macro   0x00004eac       0x1f ./src/usb_cdc.o
 .debug_macro   0x00004ecb       0x12 ./src/usb_cdc.o
 .debug_macro   0x00004edd       0x1c ./src/usb_cdc.o
 .debug_macro   0x00004ef9       0x10 ./src/usb_cdc.o
 .debug_macro   0x00004f09       0x18 ./src/usb_cdc.o
 .debug_macro   0x00004f21       0x6e ./src/usb_cdc.o
 .debug_macro   0x00004f8f       0x2e ./src/usb_cdc.o
 .debug_macro   0x00004fbd       0x12 ./src/usb_cdc.o
 .debug_macro   0x00004fcf       0x76 ./src/usb_cdc.o
 .debug_macro   0x00005045       0x12 ./src/usb_cdc.o
 .debug_macro   0x00005057       0x22 ./src/usb_cdc.o
 .debug_macro   0x00005079       0x3c ./src/usb_cdc.o
 .debug_macro   0x000050b5       0x2c ./src/usb_cdc.o
 .debug_macro   0x000050e1      0x173 ./src/usb_cdc.o
 .debug_macro   0x00005254       0x17 ./src/usb_cdc.o
 .debug_macro   0x0000526b       0x10 ./src/usb_cdc.o
 .debug_macro   0x0000527b       0x2e ./src/usb_cdc.o
 .debug_macro   0x000052a9       0x16 ./src/usb_cdc.o
 .debug_macro   0x000052bf       0x46 ./src/usb_cdc.o
 .debug_macro   0x00005305       0x5e ./src/usb_cdc.o
 .debug_macro   0x00005363       0x11 ./src/usb_cdc.o
 .debug_macro   0x00005374       0x2f ./src/usb_cdc.o
 .debug_macro   0x000053a3       0x16 ./src/usb_cdc.o
 .debug_macro   0x000053b9       0x10 ./src/usb_cdc.o
 .debug_macro   0x000053c9      0x123 ./src/usb_cdc.o
 .debug_macro   0x000054ec       0x10 ./src/usb_cdc.o
 .debug_macro   0x000054fc      0x241 ./src/usb_cdc.o
 .debug_macro   0x0000573d       0x17 ./src/usb_cdc.o
 .debug_macro   0x00005754       0xf6 ./src/usb_cdc.o
 .debug_macro   0x0000584a       0x16 ./src/usb_cdc.o
 .debug_macro   0x00005860       0x10 ./src/usb_cdc.o
 .debug_macro   0x00005870       0x10 ./src/usb_cdc.o
 .debug_macro   0x00005880       0x2e ./src/usb_cdc.o
 .debug_macro   0x000058ae       0x40 ./src/usb_cdc.o
 .debug_macro   0x000058ee       0x22 ./src/usb_cdc.o
 .debug_macro   0x00005910      0x500 C:\Users\vovan\Documents\MCUXpressoIDE_11.0.0_2516\SpiniKiti\FreeRTOS\Debug\libfreertos.a(queue.o)
 .debug_macro   0x00005e10      0xaa8 C:\Users\vovan\Documents\MCUXpressoIDE_11.0.0_2516\SpiniKiti\FreeRTOS\Debug\libfreertos.a(queue.o)
 .debug_macro   0x000068b8      0x10e C:\Users\vovan\Documents\MCUXpressoIDE_11.0.0_2516\SpiniKiti\FreeRTOS\Debug\libfreertos.a(queue.o)
 .debug_macro   0x000069c6       0x8d C:\Users\vovan\Documents\MCUXpressoIDE_11.0.0_2516\SpiniKiti\FreeRTOS\Debug\libfreertos.a(queue.o)
 .debug_macro   0x00006a53       0x16 C:\Users\vovan\Documents\MCUXpressoIDE_11.0.0_2516\SpiniKiti\FreeRTOS\Debug\libfreertos.a(queue.o)
 .debug_macro   0x00006a69       0x29 C:\Users\vovan\Documents\MCUXpressoIDE_11.0.0_2516\SpiniKiti\FreeRTOS\Debug\libfreertos.a(queue.o)
 .debug_macro   0x00006a92      0x56d C:\Users\vovan\Documents\MCUXpressoIDE_11.0.0_2516\SpiniKiti\FreeRTOS\Debug\libfreertos.a(tasks.o)
 .debug_macro   0x00006fff       0x91 C:\Users\vovan\Documents\MCUXpressoIDE_11.0.0_2516\SpiniKiti\FreeRTOS\Debug\libfreertos.a(tasks.o)
 .debug_macro   0x00007090       0x10 C:\Users\vovan\Documents\MCUXpressoIDE_11.0.0_2516\SpiniKiti\FreeRTOS\Debug\libfreertos.a(tasks.o)
 .debug_macro   0x000070a0       0x16 C:\Users\vovan\Documents\MCUXpressoIDE_11.0.0_2516\SpiniKiti\FreeRTOS\Debug\libfreertos.a(tasks.o)
 .debug_macro   0x000070b6      0x491 C:\Users\vovan\Documents\MCUXpressoIDE_11.0.0_2516\SpiniKiti\FreeRTOS\Debug\libfreertos.a(heap_3.o)
 .debug_macro   0x00007547      0x4ff C:\Users\vovan\Documents\MCUXpressoIDE_11.0.0_2516\SpiniKiti\FreeRTOS\Debug\libfreertos.a(port.o)
 .debug_macro   0x00007a46      0x46d C:\Users\vovan\Documents\MCUXpressoIDE_11.0.0_2516\SpiniKiti\FreeRTOS\Debug\libfreertos.a(FreeRTOSCommonHooks.o)
 .debug_macro   0x00007eb3      0x476 C:\Users\vovan\Documents\MCUXpressoIDE_11.0.0_2516\SpiniKiti\FreeRTOS\Debug\libfreertos.a(list.o)
 .debug_macro   0x00008329      0x3f3 C:\Users\vovan\Documents\MCUXpressoIDE_11.0.0_2516\SpiniKiti\lpc_board_nxp_lpcxpresso_1549\Debug\liblpc_board_nxp_lpcxpresso_1549.a(board.o)
 .debug_macro   0x0000871c      0xaa2 C:\Users\vovan\Documents\MCUXpressoIDE_11.0.0_2516\SpiniKiti\lpc_board_nxp_lpcxpresso_1549\Debug\liblpc_board_nxp_lpcxpresso_1549.a(board.o)
 .debug_macro   0x000091be       0x12 C:\Users\vovan\Documents\MCUXpressoIDE_11.0.0_2516\SpiniKiti\lpc_board_nxp_lpcxpresso_1549\Debug\liblpc_board_nxp_lpcxpresso_1549.a(board.o)
 .debug_macro   0x000091d0      0x414 C:\Users\vovan\Documents\MCUXpressoIDE_11.0.0_2516\SpiniKiti\lpc_board_nxp_lpcxpresso_1549\Debug\liblpc_board_nxp_lpcxpresso_1549.a(board_sysinit.o)
 .debug_macro   0x000095e4      0x260 C:\Users\vovan\Documents\MCUXpressoIDE_11.0.0_2516\SpiniKiti\lpc_chip_15xx\Debug\liblpc_chip_15xx.a(adc_15xx.o)
 .debug_macro   0x00009844      0x260 C:\Users\vovan\Documents\MCUXpressoIDE_11.0.0_2516\SpiniKiti\lpc_chip_15xx\Debug\liblpc_chip_15xx.a(chip_15xx.o)
 .debug_macro   0x00009aa4      0x260 C:\Users\vovan\Documents\MCUXpressoIDE_11.0.0_2516\SpiniKiti\lpc_chip_15xx\Debug\liblpc_chip_15xx.a(clock_15xx.o)
 .debug_macro   0x00009d04      0x260 C:\Users\vovan\Documents\MCUXpressoIDE_11.0.0_2516\SpiniKiti\lpc_chip_15xx\Debug\liblpc_chip_15xx.a(gpio_15xx.o)
 .debug_macro   0x00009f64      0x260 C:\Users\vovan\Documents\MCUXpressoIDE_11.0.0_2516\SpiniKiti\lpc_chip_15xx\Debug\liblpc_chip_15xx.a(iocon_15xx.o)
 .debug_macro   0x0000a1c4      0x26c C:\Users\vovan\Documents\MCUXpressoIDE_11.0.0_2516\SpiniKiti\lpc_chip_15xx\Debug\liblpc_chip_15xx.a(swm_15xx.o)
 .debug_macro   0x0000a430      0x278 C:\Users\vovan\Documents\MCUXpressoIDE_11.0.0_2516\SpiniKiti\lpc_chip_15xx\Debug\liblpc_chip_15xx.a(sysctl_15xx.o)
 .debug_macro   0x0000a6a8      0x260 C:\Users\vovan\Documents\MCUXpressoIDE_11.0.0_2516\SpiniKiti\lpc_chip_15xx\Debug\liblpc_chip_15xx.a(sysinit_15xx.o)
 .debug_macro   0x0000a908      0x260 C:\Users\vovan\Documents\MCUXpressoIDE_11.0.0_2516\SpiniKiti\lpc_chip_15xx\Debug\liblpc_chip_15xx.a(uart_15xx.o)

.debug_line     0x00000000     0xf774
 .debug_line    0x00000000      0x6cf ./src/ITM_write.o
 .debug_line    0x000006cf      0x482 ./src/cdc_desc.o
 .debug_line    0x00000b51      0xd5f ./src/cdc_main.o
 .debug_line    0x000018b0      0xbb2 ./src/cdc_vcom.o
 .debug_line    0x00002462      0x172 ./src/cr_startup_lpc15xx.o
 .debug_line    0x000025d4      0x78f ./src/sysinit.o
 .debug_line    0x00002d63     0x1614 ./src/usb_cdc.o
 .debug_line    0x00004377     0x137c C:\Users\vovan\Documents\MCUXpressoIDE_11.0.0_2516\SpiniKiti\FreeRTOS\Debug\libfreertos.a(queue.o)
 .debug_line    0x000056f3     0x1bda C:\Users\vovan\Documents\MCUXpressoIDE_11.0.0_2516\SpiniKiti\FreeRTOS\Debug\libfreertos.a(tasks.o)
 .debug_line    0x000072cd      0x988 C:\Users\vovan\Documents\MCUXpressoIDE_11.0.0_2516\SpiniKiti\FreeRTOS\Debug\libfreertos.a(heap_3.o)
 .debug_line    0x00007c55      0xae5 C:\Users\vovan\Documents\MCUXpressoIDE_11.0.0_2516\SpiniKiti\FreeRTOS\Debug\libfreertos.a(port.o)
 .debug_line    0x0000873a      0x9ce C:\Users\vovan\Documents\MCUXpressoIDE_11.0.0_2516\SpiniKiti\FreeRTOS\Debug\libfreertos.a(FreeRTOSCommonHooks.o)
 .debug_line    0x00009108      0xa3b C:\Users\vovan\Documents\MCUXpressoIDE_11.0.0_2516\SpiniKiti\FreeRTOS\Debug\libfreertos.a(list.o)
 .debug_line    0x00009b43      0xae5 C:\Users\vovan\Documents\MCUXpressoIDE_11.0.0_2516\SpiniKiti\lpc_board_nxp_lpcxpresso_1549\Debug\liblpc_board_nxp_lpcxpresso_1549.a(board.o)
 .debug_line    0x0000a628      0x923 C:\Users\vovan\Documents\MCUXpressoIDE_11.0.0_2516\SpiniKiti\lpc_board_nxp_lpcxpresso_1549\Debug\liblpc_board_nxp_lpcxpresso_1549.a(board_sysinit.o)
 .debug_line    0x0000af4b      0x826 C:\Users\vovan\Documents\MCUXpressoIDE_11.0.0_2516\SpiniKiti\lpc_chip_15xx\Debug\liblpc_chip_15xx.a(adc_15xx.o)
 .debug_line    0x0000b771      0x6d5 C:\Users\vovan\Documents\MCUXpressoIDE_11.0.0_2516\SpiniKiti\lpc_chip_15xx\Debug\liblpc_chip_15xx.a(chip_15xx.o)
 .debug_line    0x0000be46      0xafa C:\Users\vovan\Documents\MCUXpressoIDE_11.0.0_2516\SpiniKiti\lpc_chip_15xx\Debug\liblpc_chip_15xx.a(clock_15xx.o)
 .debug_line    0x0000c940      0x74b C:\Users\vovan\Documents\MCUXpressoIDE_11.0.0_2516\SpiniKiti\lpc_chip_15xx\Debug\liblpc_chip_15xx.a(gpio_15xx.o)
 .debug_line    0x0000d08b      0x652 C:\Users\vovan\Documents\MCUXpressoIDE_11.0.0_2516\SpiniKiti\lpc_chip_15xx\Debug\liblpc_chip_15xx.a(iocon_15xx.o)
 .debug_line    0x0000d6dd      0x6bd C:\Users\vovan\Documents\MCUXpressoIDE_11.0.0_2516\SpiniKiti\lpc_chip_15xx\Debug\liblpc_chip_15xx.a(swm_15xx.o)
 .debug_line    0x0000dd9a      0x712 C:\Users\vovan\Documents\MCUXpressoIDE_11.0.0_2516\SpiniKiti\lpc_chip_15xx\Debug\liblpc_chip_15xx.a(sysctl_15xx.o)
 .debug_line    0x0000e4ac      0x733 C:\Users\vovan\Documents\MCUXpressoIDE_11.0.0_2516\SpiniKiti\lpc_chip_15xx\Debug\liblpc_chip_15xx.a(sysinit_15xx.o)
 .debug_line    0x0000ebdf      0x93d C:\Users\vovan\Documents\MCUXpressoIDE_11.0.0_2516\SpiniKiti\lpc_chip_15xx\Debug\liblpc_chip_15xx.a(uart_15xx.o)
 .debug_line    0x0000f51c      0x1f7 c:/nxp/mcuxpressoide_11.0.0_2516/ide/plugins/com.nxp.mcuxpresso.tools.win32_11.0.0.201905131304/tools/bin/../lib/gcc/arm-none-eabi/8.2.1/../../../../arm-none-eabi/lib/thumb/v7-m/nofp\libcr_newlib_nohost.a(_cr_sbrk.o)
 .debug_line    0x0000f713       0x61 c:/nxp/mcuxpressoide_11.0.0_2516/ide/plugins/com.nxp.mcuxpresso.tools.win32_11.0.0.201905131304/tools/bin/../lib/gcc/arm-none-eabi/8.2.1/../../../../arm-none-eabi/lib/thumb/v7-m/nofp\libcr_newlib_nohost.a(_cr_check_heap.o)

.debug_str      0x00000000    0x2de0f
 .debug_str     0x00000000     0xf86e ./src/ITM_write.o
                               0xfa21 (size before relaxing)
 .debug_str     0x0000f86e     0x5414 ./src/cdc_desc.o
                               0x9481 (size before relaxing)
 .debug_str     0x00014c82     0x9e39 ./src/cdc_main.o
                              0x1e8bc (size before relaxing)
 .debug_str     0x0001eabb      0x1fb ./src/cdc_vcom.o
                              0x192dd (size before relaxing)
 .debug_str     0x0001ecb6      0x6c8 ./src/cr_startup_lpc15xx.o
                               0x3312 (size before relaxing)
 .debug_str     0x0001f37e       0x11 ./src/sysinit.o
                              0x13558 (size before relaxing)
 .debug_str     0x0001f38f     0x99e3 ./src/usb_cdc.o
                              0x21906 (size before relaxing)